Component: ARM Compiler 5.06 update 7 (build 960) Tool: armlink [4d3601]

==============================================================================

Section Cross References

    startup_stm32f103xe.o(RESET) refers to startup_stm32f103xe.o(STACK) for __initial_sp
    startup_stm32f103xe.o(RESET) refers to startup_stm32f103xe.o(.text) for Reset_Handler
    startup_stm32f103xe.o(RESET) refers to stm32f1xx_it.o(i.NMI_Handler) for NMI_Handler
    startup_stm32f103xe.o(RESET) refers to stm32f1xx_it.o(i.HardFault_Handler) for HardFault_Handler
    startup_stm32f103xe.o(RESET) refers to stm32f1xx_it.o(i.MemManage_Handler) for MemManage_Handler
    startup_stm32f103xe.o(RESET) refers to stm32f1xx_it.o(i.BusFault_Handler) for BusFault_Handler
    startup_stm32f103xe.o(RESET) refers to stm32f1xx_it.o(i.UsageFault_Handler) for UsageFault_Handler
    startup_stm32f103xe.o(RESET) refers to stm32f1xx_it.o(i.DebugMon_Handler) for DebugMon_Handler
    startup_stm32f103xe.o(RESET) refers to stm32f1xx_it.o(i.SysTick_Handler) for SysTick_Handler
    startup_stm32f103xe.o(RESET) refers to stm32f1xx_it.o(i.DMA1_Channel3_IRQHandler) for DMA1_Channel3_IRQHandler
    startup_stm32f103xe.o(RESET) refers to stm32f1xx_it.o(i.DMA1_Channel6_IRQHandler) for DMA1_Channel6_IRQHandler
    startup_stm32f103xe.o(RESET) refers to openmv.o(i.USART2_IRQHandler) for USART2_IRQHandler
    startup_stm32f103xe.o(RESET) refers to bsp_imu.o(i.USART3_IRQHandler) for USART3_IRQHandler
    startup_stm32f103xe.o(RESET) refers to bsp_linefollower.o(i.UART4_IRQHandler) for UART4_IRQHandler
    startup_stm32f103xe.o(RESET) refers to bsp_qrscan.o(i.UART5_IRQHandler) for UART5_IRQHandler
    startup_stm32f103xe.o(RESET) refers to stm32f1xx_it.o(i.TIM6_IRQHandler) for TIM6_IRQHandler
    startup_stm32f103xe.o(.text) refers to system_stm32f1xx.o(i.SystemInit) for SystemInit
    startup_stm32f103xe.o(.text) refers to entry.o(.ARM.Collect$$$$00000000) for __main
    main.o(i.Error_Handler) refers to bsp_buzzer.o(i.buzzer_on) for buzzer_on
    main.o(i.Error_Handler) refers to bsp_delay.o(i.delay_ms) for delay_ms
    main.o(i.Error_Handler) refers to bsp_buzzer.o(i.buzzer_off) for buzzer_off
    main.o(i.SystemClock_Config) refers to memseta.o(.text) for __aeabi_memclr4
    main.o(i.SystemClock_Config) refers to stm32f1xx_hal_rcc.o(i.HAL_RCC_OscConfig) for HAL_RCC_OscConfig
    main.o(i.SystemClock_Config) refers to main.o(i.Error_Handler) for Error_Handler
    main.o(i.SystemClock_Config) refers to stm32f1xx_hal_rcc.o(i.HAL_RCC_ClockConfig) for HAL_RCC_ClockConfig
    main.o(i.main) refers to stm32f1xx_hal.o(i.HAL_Init) for HAL_Init
    main.o(i.main) refers to main.o(i.SystemClock_Config) for SystemClock_Config
    main.o(i.main) refers to gpio.o(i.MX_GPIO_Init) for MX_GPIO_Init
    main.o(i.main) refers to dma.o(i.MX_DMA_Init) for MX_DMA_Init
    main.o(i.main) refers to usart.o(i.MX_USART2_UART_Init) for MX_USART2_UART_Init
    main.o(i.main) refers to usart.o(i.MX_USART3_UART_Init) for MX_USART3_UART_Init
    main.o(i.main) refers to usart.o(i.MX_UART4_Init) for MX_UART4_Init
    main.o(i.main) refers to usart.o(i.MX_UART5_Init) for MX_UART5_Init
    main.o(i.main) refers to tim.o(i.MX_TIM1_Init) for MX_TIM1_Init
    main.o(i.main) refers to tim.o(i.MX_TIM2_Init) for MX_TIM2_Init
    main.o(i.main) refers to tim.o(i.MX_TIM3_Init) for MX_TIM3_Init
    main.o(i.main) refers to tim.o(i.MX_TIM4_Init) for MX_TIM4_Init
    main.o(i.main) refers to tim.o(i.MX_TIM5_Init) for MX_TIM5_Init
    main.o(i.main) refers to tim.o(i.MX_TIM6_Init) for MX_TIM6_Init
    main.o(i.main) refers to tim.o(i.MX_TIM8_Init) for MX_TIM8_Init
    main.o(i.main) refers to bsp_delay.o(i.delay_init) for delay_init
    main.o(i.main) refers to bsp_servo_iic.o(i.pca_init) for pca_init
    main.o(i.main) refers to bsp_motor.o(i.motor_pwm_enable) for motor_pwm_enable
    main.o(i.main) refers to bsp_linefollower.o(i.LFB_receive_init) for LFB_receive_init
    main.o(i.main) refers to pid.o(i.pid_init) for pid_init
    main.o(i.main) refers to bsp_imu.o(i.imu_receive_init) for imu_receive_init
    main.o(i.main) refers to openmv.o(i.openmv_receive_init) for openmv_receive_init
    main.o(i.main) refers to bsp_qrscan.o(i.QR_receive_init) for QR_receive_init
    main.o(i.main) refers to map.o(i.mapInit) for mapInit
    main.o(i.main) refers to bsp_delay.o(i.delay_ms) for delay_ms
    main.o(i.main) refers to fadd.o(.text) for __aeabi_fadd
    main.o(i.main) refers to fdiv.o(.text) for __aeabi_fdiv
    main.o(i.main) refers to turn.o(i.mpuZreset) for mpuZreset
    main.o(i.main) refers to stm32f1xx_hal_tim.o(i.HAL_TIM_Base_Start_IT) for HAL_TIM_Base_Start_IT
    main.o(i.main) refers to bsp_led.o(i.LED_on) for LED_on
    main.o(i.main) refers to bsp_led.o(i.Shine_o_f) for Shine_o_f
    main.o(i.main) refers to motion.o(i.actions) for actions
    main.o(i.main) refers to stm32f1xx_hal.o(i.HAL_Delay) for HAL_Delay
[...]
    UART_DMAReceiveCplt                      0x08004ad7   Thumb Code    90  stm32f1xx_hal_uart.o(i.UART_DMAReceiveCplt)
    i.UART_DMARxHalfCplt                     0x08004b30   Section        0  stm32f1xx_hal_uart.o(i.UART_DMARxHalfCplt)
    UART_DMARxHalfCplt                       0x08004b31   Thumb Code    26  stm32f1xx_hal_uart.o(i.UART_DMARxHalfCplt)
    i.UART_EndRxTransfer                     0x08004b4a   Section        0  stm32f1xx_hal_uart.o(i.UART_EndRxTransfer)
    UART_EndRxTransfer                       0x08004b4b   Thumb Code    48  stm32f1xx_hal_uart.o(i.UART_EndRxTransfer)
    i.UART_EndTransmit_IT                    0x08004b7a   Section        0  stm32f1xx_hal_uart.o(i.UART_EndTransmit_IT)
    UART_EndTransmit_IT                      0x08004b7b   Thumb Code    26  stm32f1xx_hal_uart.o(i.UART_EndTransmit_IT)
    i.UART_EndTxTransfer                     0x08004b94   Section        0  stm32f1xx_hal_uart.o(i.UART_EndTxTransfer)
    UART_EndTxTransfer                       0x08004b95   Thumb Code    18  stm32f1xx_hal_uart.o(i.UART_EndTxTransfer)
    i.UART_Receive_IT                        0x08004ba6   Section        0  stm32f1xx_hal_uart.o(i.UART_Receive_IT)
    UART_Receive_IT                          0x08004ba7   Thumb Code   188  stm32f1xx_hal_uart.o(i.UART_Receive_IT)
    i.UART_SetConfig                         0x08004c64   Section        0  stm32f1xx_hal_uart.o(i.UART_SetConfig)
    UART_SetConfig                           0x08004c65   Thumb Code   178  stm32f1xx_hal_uart.o(i.UART_SetConfig)
    i.UART_Start_Receive_DMA                 0x08004d1c   Section        0  stm32f1xx_hal_uart.o(i.UART_Start_Receive_DMA)
    i.UART_Transmit_IT                       0x08004d90   Section        0  stm32f1xx_hal_uart.o(i.UART_Transmit_IT)
    UART_Transmit_IT                         0x08004d91   Thumb Code    94  stm32f1xx_hal_uart.o(i.UART_Transmit_IT)
    i.UART_WaitOnFlagUntilTimeout            0x08004dee   Section        0  stm32f1xx_hal_uart.o(i.UART_WaitOnFlagUntilTimeout)
    UART_WaitOnFlagUntilTimeout              0x08004def   Thumb Code   100  stm32f1xx_hal_uart.o(i.UART_WaitOnFlagUntilTimeout)
    i.USART2_IRQHandler                      0x08004e54   Section        0  openmv.o(i.USART2_IRQHandler)
    i.USART3_IRQHandler                      0x08004f18   Section        0  bsp_imu.o(i.USART3_IRQHandler)
    i.UsageFault_Handler                     0x08005038   Section        0  stm32f1xx_it.o(i.UsageFault_Handler)
    i.__NVIC_SetPriority                     0x0800503a   Section        0  stm32f1xx_hal_cortex.o(i.__NVIC_SetPriority)
    __NVIC_SetPriority                       0x0800503b   Thumb Code    32  stm32f1xx_hal_cortex.o(i.__NVIC_SetPriority)
    i.__scatterload_copy                     0x0800505a   Section       14  handlers.o(i.__scatterload_copy)
    i.__scatterload_null                     0x08005068   Section        2  handlers.o(i.__scatterload_null)
    i.__scatterload_zeroinit                 0x0800506a   Section       14  handlers.o(i.__scatterload_zeroinit)
    i.actions                                0x08005078   Section        0  motion.o(i.actions)
    i.angle_write                            0x08005148   Section        0  bsp_servo_iic.o(i.angle_write)
    i.back                                   0x08005180   Section        0  barrier.o(i.back)
    i.buzzer_off                             0x08005210   Section        0  bsp_buzzer.o(i.buzzer_off)
    i.buzzer_on                              0x08005220   Section        0  bsp_buzzer.o(i.buzzer_on)
    i.check_BW                               0x08005230   Section        0  bsp_qrscan.o(i.check_BW)
    i.deal_arrive                            0x080052a8   Section        0  map.o(i.deal_arrive)
    i.delay_init                             0x080053e8   Section        0  bsp_delay.o(i.delay_init)
    i.delay_ms                               0x08005410   Section        0  bsp_delay.o(i.delay_ms)
    i.delay_us                               0x08005448   Section        0  bsp_delay.o(i.delay_us)
    i.door                                   0x08005480   Section        0  barrier.o(i.door)
    i.floor                                  0x08005714   Section        0  floor.o(i.floor)
    i.getAngleZ                              0x080057f0   Section        0  turn.o(i.getAngleZ)
    i.getNextConnectNode                     0x0800582c   Section        0  map.o(i.getNextConnectNode)
    i.gradual_cal                            0x08005864   Section        0  speed_ctrl.o(i.gradual_cal)
    i.ignore_node                            0x080058cc   Section        0  barrier.o(i.ignore_node)
    i.iic_ack                                0x080058e0   Section        0  bsp_servo_iic.o(i.iic_ack)
    i.iic_not_ack                            0x08005930   Section        0  bsp_servo_iic.o(i.iic_not_ack)
    i.iic_read_byte                          0x08005980   Section        0  bsp_servo_iic.o(i.iic_read_byte)
    i.iic_send_byte                          0x080059ec   Section        0  bsp_servo_iic.o(i.iic_send_byte)
    i.iic_start                              0x08005a50   Section        0  bsp_servo_iic.o(i.iic_start)
    i.iic_stop                               0x08005aa0   Section        0  bsp_servo_iic.o(i.iic_stop)
    i.iic_wait_ack                           0x08005af0   Section        0  bsp_servo_iic.o(i.iic_wait_ack)
    i.imu_receive_init                       0x08005b58   Section        0  bsp_imu.o(i.imu_receive_init)
    i.incremental_PID                        0x08005b78   Section        0  pid.o(i.incremental_PID)
    i.main                                   0x08005c40   Section        0  main.o(i.main)
    i.mapInit                                0x08005d70   Section        0  map.o(i.mapInit)
    i.map_function                           0x08005dd4   Section        0  map.o(i.map_function)
    i.motor_pid_clear                        0x08005e58   Section        0  pid.o(i.motor_pid_clear)
    i.motor_pwm_enable                       0x08005eb4   Section        0  bsp_motor.o(i.motor_pwm_enable)
    i.motor_set_pwm                          0x08005f34   Section        0  bsp_motor.o(i.motor_set_pwm)
    i.mpuZreset                              0x08005fdc   Section        0  turn.o(i.mpuZreset)
    i.need2turn                              0x08005fec   Section        0  turn.o(i.need2turn)
    i.openmv_receive_init                    0x08006020   Section        0  openmv.o(i.openmv_receive_init)
    i.pca_init                               0x08006040   Section        0  bsp_servo_iic.o(i.pca_init)
    i.pca_read                               0x0800605e   Section        0  bsp_servo_iic.o(i.pca_read)
    i.pca_setfreq                            0x08006098   Section        0  bsp_servo_iic.o(i.pca_setfreq)
    i.pca_setpwm                             0x08006148   Section        0  bsp_servo_iic.o(i.pca_setpwm)
    i.pca_write                              0x08006190   Section        0  bsp_servo_iic.o(i.pca_write)
    i.pid_init                               0x080061c0   Section        0  pid.o(i.pid_init)
    i.pid_mode_switch                        0x08006264   Section        0  tim_it.o(i.pid_mode_switch)
    i.positional_PID                         0x08006390   Section        0  pid.o(i.positional_PID)
    i.powCal                                 0x08006444   Section        0  scaner.o(i.powCal)
    i.read_encoder                           0x0800658c   Section        0  bsp_motor.o(i.read_encoder)
    i.route_reset                            0x080065d8   Section        0  barrier.o(i.route_reset)
    i.runWithAngle                           0x080067d4   Section        0  turn.o(i.runWithAngle)
    i.undermou                               0x08006850   Section        0  barrier.o(i.undermou)
    i.view                                   0x080068d4   Section        0  barrier.o(i.view)
    i.view1                                  0x08006998   Section        0  barrier.o(i.view1)
    .constdata                               0x080069cc   Section       16  system_stm32f1xx.o(.constdata)
    .constdata                               0x080069dc   Section        8  system_stm32f1xx.o(.constdata)
    .constdata                               0x080069e4   Section       64  scaner.o(.constdata)
    .constdata                               0x08006a24   Section       28  tim_it.o(.constdata)
    <Data1>                                  0x08006a24   Data          28  tim_it.o(.constdata)
    .data                                    0x20000000   Section        4  system_stm32f1xx.o(.data)
    .data                                    0x20000004   Section        8  bsp_delay.o(.data)
    fac_us                                   0x20000004   Data           1  bsp_delay.o(.data)
    fac_ms                                   0x20000008   Data           4  bsp_delay.o(.data)
    .data                                    0x2000000c   Section        1  bsp_imu.o(.data)
    .data                                    0x2000000d   Section        6  bsp_linefollower.o(.data)
    data_cnt                                 0x2000000d   Data           1  bsp_linefollower.o(.data)
    state                                    0x2000000e   Data           1  bsp_linefollower.o(.data)
    .data                                    0x20000014   Section       12  bsp_qrscan.o(.data)
    .data                                    0x20000020   Section       12  openmv.o(.data)
    mv_state                                 0x20000020   Data           1  openmv.o(.data)
    openmv                                   0x20000024   Data           4  openmv.o(.data)
    .data                                    0x2000002c   Section       44  speed_ctrl.o(.data)
    .data                                    0x20000058   Section        8  turn.o(.data)
    .data                                    0x20000060   Section      108  map.o(.data)
    _flag                                    0x20000060   Data           1  map.o(.data)
    mul2sing                                 0x20000064   Data           2  map.o(.data)
    sing2mul                                 0x20000066   Data           2  map.o(.data)
    .data                                    0x200000cc   Section      100  map.o(.data)
    .data                                    0x20000130   Section      100  map.o(.data)
    .data                                    0x20000194   Section      100  map.o(.data)
    .data                                    0x200001f8   Section      100  map.o(.data)
    .data                                    0x2000025c   Section        1  barrier.o(.data)
    flag                                     0x2000025c   Data           1  barrier.o(.data)
    .data                                    0x20000260   Section     2360  map_message.o(.data)
    .data                                    0x20000b98   Section       50  map_message.o(.data)
    .data                                    0x20000bca   Section       50  map_message.o(.data)
    .data                                    0x20000bfc   Section        8  scaner.o(.data)
    .data                                    0x20000c04   Section       12  tim_it.o(.data)
    tim6_tick                                0x20000c08   Data           4  tim_it.o(.data)
    .data                                    0x20000c10   Section       12  stm32f1xx_hal.o(.data)
    .bss                                     0x20000c1c   Section      504  tim.o(.bss)
    .bss                                     0x20000e14   Section      408  usart.o(.bss)
    .bss                                     0x20000fac   Section      220  bsp_imu.o(.bss)
    .bss                                     0x20001088   Section       20  bsp_linefollower.o(.bss)
    RxBuffer                                 0x20001088   Data          20  bsp_linefollower.o(.bss)
    .bss                                     0x2000109c   Section       12  bsp_qrscan.o(.bss)
    .bss                                     0x200010a8   Section       12  speed_ctrl.o(.bss)
    .bss                                     0x200010b4   Section       12  speed_ctrl.o(.bss)
    .bss                                     0x200010c0   Section       44  map.o(.bss)
    .bss                                     0x200010ec   Section       12  scaner.o(.bss)
    .bss                                     0x200010f8   Section      208  pid.o(.bss)
    .bss                                     0x200011c8   Section       28  pid.o(.bss)
    .bss                                     0x200011e4   Section       28  pid.o(.bss)
    .bss                                     0x20001200   Section       28  pid.o(.bss)
    STACK                                    0x20001220   Section     2048  startup_stm32f103xe.o(STACK)

    Global Symbols

    Symbol Name                              Value     Ov Type        Size  Object(Section)

    BuildAttributes$$THM_ISAv4$P$D$K$B$S$PE$A:L22UL41UL21$X:L11$S22US41US21$IEEE1$IW$USESV6$~STKCKD$USESV7$~SHL$OTIME$ROPI$IEEEX$EBA8$MICROLIB$REQ8$PRES8$EABIv2 0x00000000   Number         0  anon$$obj.o ABSOLUTE
    __ARM_use_no_argv                        0x00000000   Number         0  main.o ABSOLUTE
    __use_no_errno                           0x00000000   Number         0  useno.o ABSOLUTE
    __use_no_exception_handling              0x00000000   Number         0  useno.o ABSOLUTE
    __use_no_fp                              0x00000000   Number         0  useno.o ABSOLUTE
    __use_no_heap                            0x00000000   Number         0  useno.o ABSOLUTE
    __use_no_heap_region                     0x00000000   Number         0  useno.o ABSOLUTE
    __use_no_semihosting                     0x00000000   Number         0  useno.o ABSOLUTE
    __use_no_semihosting_swi                 0x00000000   Number         0  useno.o ABSOLUTE
    __use_no_signal_handling                 0x00000000   Number         0  useno.o ABSOLUTE
    _printf_a                                0x00000000   Number         0  stubs.o ABSOLUTE
    _printf_c                                0x00000000   Number         0  stubs.o ABSOLUTE
    _printf_charcount                        0x00000000   Number         0  stubs.o ABSOLUTE
    _printf_d                                0x00000000   Number         0  stubs.o ABSOLUTE
    _printf_e                                0x00000000   Number         0  stubs.o ABSOLUTE
    _printf_f                                0x00000000   Number         0  stubs.o ABSOLUTE
    _printf_flags                            0x00000000   Number         0  stubs.o ABSOLUTE
    _printf_fp_dec                           0x00000000   Number         0  stubs.o ABSOLUTE
    _printf_fp_hex                           0x00000000   Number         0  stubs.o ABSOLUTE
    _printf_g                                0x00000000   Number         0  stubs.o ABSOLUTE
    _printf_i                                0x00000000   Number         0  stubs.o ABSOLUTE
    _printf_int_dec                          0x00000000   Number         0  stubs.o ABSOLUTE
    _printf_l                                0x00000000   Number         0  stubs.o ABSOLUTE
    _printf_lc                               0x00000000   Number         0  stubs.o ABSOLUTE
    _printf_ll                               0x00000000   Number         0  stubs.o ABSOLUTE
    _printf_lld                              0x00000000   Number         0  stubs.o ABSOLUTE
    _printf_lli                              0x00000000   Number         0  stubs.o ABSOLUTE
    _printf_llo                              0x00000000   Number         0  stubs.o ABSOLUTE
    _printf_llu                              0x00000000   Number         0  stubs.o ABSOLUTE
    _printf_llx                              0x00000000   Number         0  stubs.o ABSOLUTE
    _printf_longlong_dec                     0x00000000   Number         0  stubs.o ABSOLUTE
    _printf_longlong_hex                     0x00000000   Number         0  stubs.o ABSOLUTE
    _printf_longlong_oct                     0x00000000   Number         0  stubs.o ABSOLUTE
    _printf_ls                               0x00000000   Number         0  stubs.o ABSOLUTE
    _printf_mbtowc                           0x00000000   Number         0  stubs.o ABSOLUTE
    _printf_n                                0x00000000   Number         0  stubs.o ABSOLUTE
    _printf_o                                0x00000000   Number         0  stubs.o ABSOLUTE
    _printf_p                                0x00000000   Number         0  stubs.o ABSOLUTE
    _printf_percent                          0x00000000   Number         0  stubs.o ABSOLUTE
    _printf_pre_padding                      0x00000000   Number         0  stubs.o ABSOLUTE
    _printf_return_value                     0x00000000   Number         0  stubs.o ABSOLUTE
    _printf_s                                0x00000000   Number         0  stubs.o ABSOLUTE
    _printf_sizespec                         0x00000000   Number         0  stubs.o ABSOLUTE
    _printf_str                              0x00000000   Number         0  stubs.o ABSOLUTE
    _printf_truncate_signed                  0x00000000   Number         0  stubs.o ABSOLUTE
    _printf_truncate_unsigned                0x00000000   Number         0  stubs.o ABSOLUTE
    _printf_u                                0x00000000   Number         0  stubs.o ABSOLUTE
    _printf_wc                               0x00000000   Number         0  stubs.o ABSOLUTE
    _printf_wctomb                           0x00000000   Number         0  stubs.o ABSOLUTE
    _printf_widthprec                        0x00000000   Number         0  stubs.o ABSOLUTE
    _printf_x                                0x00000000   Number         0  stubs.o ABSOLUTE
    __arm_fini_                               - Undefined Weak Reference
    __cpp_initialize__aeabi_                  - Undefined Weak Reference
    __cxa_finalize                            - Undefined Weak Reference
    _clock_init                               - Undefined Weak Reference
    _microlib_exit                            - Undefined Weak Reference
    __Vectors_Size                           0x00000130   Number         0  startup_stm32f103xe.o ABSOLUTE
    __Vectors                                0x08000000   Data           4  startup_stm32f103xe.o(RESET)
    __Vectors_End                            0x08000130   Data           0  startup_stm32f103xe.o(RESET)
    __main                                   0x08000131   Thumb Code     0  entry.o(.ARM.Collect$$$$00000000)
    _main_stk                                0x08000131   Thumb Code     0  entry2.o(.ARM.Collect$$$$00000001)
    _main_scatterload                        0x08000135   Thumb Code     0  entry5.o(.ARM.Collect$$$$00000004)
    __main_after_scatterload                 0x08000139   Thumb Code     0  entry5.o(.ARM.Collect$$$$00000004)
    _main_clock                              0x08000139   Thumb Code     0  entry7b.o(.ARM.Collect$$$$00000008)
    _main_cpp_init                           0x08000139   Thumb Code     0  entry8b.o(.ARM.Collect$$$$0000000A)
    _main_init                               0x08000139   Thumb Code     0  entry9a.o(.ARM.Collect$$$$0000000B)
    __rt_lib_shutdown_fini                   0x08000141   Thumb Code     0  entry12b.o(.ARM.Collect$$$$0000000E)
    __rt_final_cpp                           0x08000145   Thumb Code     0  entry10a.o(.ARM.Collect$$$$0000000F)
    __rt_final_exit                          0x08000145   Thumb Code     0  entry11a.o(.ARM.Collect$$$$00000011)
    Reset_Handler                            0x08000149   Thumb Code     8  startup_stm32f103xe.o(.text)
    SVC_Handler                              0x0800015b   Thumb Code     2  startup_stm32f103xe.o(.text)
    PendSV_Handler                           0x0800015f   Thumb Code     2  startup_stm32f103xe.o(.text)
    ADC1_2_IRQHandler                        0x08000163   Thumb Code     0  startup_stm32f103xe.o(.text)
    ADC3_IRQHandler                          0x08000163   Thumb Code     0  startup_stm32f103xe.o(.text)
    CAN1_RX1_IRQHandler                      0x08000163   Thumb Code     0  startup_stm32f103xe.o(.text)
    CAN1_SCE_IRQHandler                      0x08000163   Thumb Code     0  startup_stm32f103xe.o(.text)
    DMA1_Channel1_IRQHandler                 0x08000163   Thumb Code     0  startup_stm32f103xe.o(.text)
    DMA1_Channel2_IRQHandler                 0x08000163   Thumb Code     0  startup_stm32f103xe.o(.text)
    DMA1_Channel4_IRQHandler                 0x08000163   Thumb Code     0  startup_stm32f103xe.o(.text)
    DMA1_Channel5_IRQHandler                 0x08000163   Thumb Code     0  startup_stm32f103xe.o(.text)
    DMA1_Channel7_IRQHandler                 0x08000163   Thumb Code     0  startup_stm32f103xe.o(.text)
    DMA2_Channel1_IRQHandler                 0x08000163   Thumb Code     0  startup_stm32f103xe.o(.text)
    DMA2_Channel2_IRQHandler                 0x08000163   Thumb Code     0  startup_stm32f103xe.o(.text)
    DMA2_Channel3_IRQHandler                 0x08000163   Thumb Code     0  startup_stm32f103xe.o(.text)
    DMA2_Channel4_5_IRQHandler               0x08000163   Thumb Code     0  startup_stm32f103xe.o(.text)
    EXTI0_IRQHandler                         0x08000163   Thumb Code     0  startup_stm32f103xe.o(.text)
    EXTI15_10_IRQHandler                     0x08000163   Thumb Code     0  startup_stm32f103xe.o(.text)
    EXTI1_IRQHandler                         0x08000163   Thumb Code     0  startup_stm32f103xe.o(.text)
    EXTI2_IRQHandler                         0x08000163   Thumb Code     0  startup_stm32f103xe.o(.text)
    EXTI3_IRQHandler                         0x08000163   Thumb Code     0  startup_stm32f103xe.o(.text)
    EXTI4_IRQHandler                         0x08000163   Thumb Code     0  startup_stm32f103xe.o(.text)
    EXTI9_5_IRQHandler                       0x08000163   Thumb Code     0  startup_stm32f103xe.o(.text)
    FLASH_IRQHandler                         0x08000163   Thumb Code     0  startup_stm32f103xe.o(.text)
    FSMC_IRQHandler                          0x08000163   Thumb Code     0  startup_stm32f103xe.o(.text)
    I2C1_ER_IRQHandler                       0x08000163   Thumb Code     0  startup_stm32f103xe.o(.text)
    I2C1_EV_IRQHandler                       0x08000163   Thumb Code     0  startup_stm32f103xe.o(.text)
    I2C2_ER_IRQHandler                       0x08000163   Thumb Code     0  startup_stm32f103xe.o(.text)
    I2C2_EV_IRQHandler                       0x08000163   Thumb Code     0  startup_stm32f103xe.o(.text)
    PVD_IRQHandler                           0x08000163   Thumb Code     0  startup_stm32f103xe.o(.text)
    RCC_IRQHandler                           0x08000163   Thumb Code     0  startup_stm32f103xe.o(.text)
    RTC_Alarm_IRQHandler                     0x08000163   Thumb Code     0  startup_stm32f103xe.o(.text)
    RTC_IRQHandler                           0x08000163   Thumb Code     0  startup_stm32f103xe.o(.text)
    SDIO_IRQHandler                          0x08000163   Thumb Code     0  startup_stm32f103xe.o(.text)
    SPI1_IRQHandler                          0x08000163   Thumb Code     0  startup_stm32f103xe.o(.text)
    SPI2_IRQHandler                          0x08000163   Thumb Code     0  startup_stm32f103xe.o(.text)
    SPI3_IRQHandler                          0x08000163   Thumb Code     0  startup_stm32f103xe.o(.text)
    TAMPER_IRQHandler                        0x08000163   Thumb Code     0  startup_stm32f103xe.o(.text)
    TIM1_BRK_IRQHandler                      0x08000163   Thumb Code     0  startup_stm32f103xe.o(.text)
    TIM1_CC_IRQHandler                       0x08000163   Thumb Code     0  startup_stm32f103xe.o(.text)
    TIM1_TRG_COM_IRQHandler                  0x08000163   Thumb Code     0  startup_stm32f103xe.o(.text)
    TIM1_UP_IRQHandler                       0x08000163   Thumb Code     0  startup_stm32f103xe.o(.text)
    TIM2_IRQHandler                          0x08000163   Thumb Code     0  startup_stm32f103xe.o(.text)
    TIM3_IRQHandler                          0x08000163   Thumb Code     0  startup_stm32f103xe.o(.text)
    TIM4_IRQHandler                          0x08000163   Thumb Code     0  startup_stm32f103xe.o(.text)
    TIM5_IRQHandler                          0x08000163   Thumb Code     0  startup_stm32f103xe.o(.text)
    TIM7_IRQHandler                          0x08000163   Thumb Code     0  startup_stm32f103xe.o(.text)
    TIM8_BRK_IRQHandler                      0x08000163   Thumb Code     0  startup_stm32f103xe.o(.text)
    TIM8_CC_IRQHandler                       0x08000163   Thumb Code     0  startup_stm32f103xe.o(.text)
    TIM8_TRG_COM_IRQHandler                  0x08000163   Thumb Code     0  startup_stm32f103xe.o(.text)
    TIM8_UP_IRQHandler                       0x08000163   Thumb Code     0  startup_stm32f103xe.o(.text)
    USART1_IRQHandler                        0x08000163   Thumb Code     0  startup_stm32f103xe.o(.text)
    USBWakeUp_IRQHandler                     0x08000163   Thumb Code     0  startup_stm32f103xe.o(.text)
    USB_HP_CAN1_TX_IRQHandler                0x08000163   Thumb Code     0  startup_stm32f103xe.o(.text)
    USB_LP_CAN1_RX0_IRQHandler               0x08000163   Thumb Code     0  startup_stm32f103xe.o(.text)
    WWDG_IRQHandler                          0x08000163   Thumb Code     0  startup_stm32f103xe.o(.text)
    __aeabi_llsr                             0x0800016d   Thumb Code    32  llushr.o(.text)
    _ll_ushift_r                             0x0800016d   Thumb Code     0  llushr.o(.text)
    __aeabi_memcpy                           0x0800018d   Thumb Code    36  memcpya.o(.text)
    __aeabi_memcpy4                          0x0800018d   Thumb Code     0  memcpya.o(.text)
    __aeabi_memcpy8                          0x0800018d   Thumb Code     0  memcpya.o(.text)
    __aeabi_memset                           0x080001b1   Thumb Code    14  memseta.o(.text)
    __aeabi_memset4                          0x080001b1   Thumb Code     0  memseta.o(.text)
    __aeabi_memset8                          0x080001b1   Thumb Code     0  memseta.o(.text)
    __aeabi_memclr                           0x080001bf   Thumb Code     4  memseta.o(.text)
    __aeabi_memclr4                          0x080001bf   Thumb Code     0  memseta.o(.text)
    __aeabi_memclr8                          0x080001bf   Thumb Code     0  memseta.o(.text)
    _memset$wrapper                          0x080001c3   Thumb Code    18  memseta.o(.text)
    __aeabi_fadd                             0x080001d5   Thumb Code   164  fadd.o(.text)
    __aeabi_fsub                             0x08000279   Thumb Code     6  fadd.o(.text)
    __aeabi_frsub                            0x0800027f   Thumb Code     6  fadd.o(.text)
    __aeabi_fmul                             0x08000285   Thumb Code   100  fmul.o(.text)
    __aeabi_fdiv                             0x080002e9   Thumb Code   124  fdiv.o(.text)
    __ARM_scalbnf                            0x08000365   Thumb Code    24  fscalb.o(.text)
    scalbnf                                  0x08000365   Thumb Code     0  fscalb.o(.text)
    __aeabi_dadd                             0x0800037d   Thumb Code   322  dadd.o(.text)
    __aeabi_dsub                             0x080004bf   Thumb Code     6  dadd.o(.text)
    __aeabi_drsub                            0x080004c5   Thumb Code     6  dadd.o(.text)
    __aeabi_dmul                             0x080004cb   Thumb Code   228  dmul.o(.text)
    __aeabi_ddiv                             0x080005af   Thumb Code   222  ddiv.o(.text)
    __ARM_scalbn                             0x0800068d   Thumb Code    46  dscalb.o(.text)
    scalbn                                   0x0800068d   Thumb Code     0  dscalb.o(.text)
    __aeabi_i2f                              0x080006bb   Thumb Code    18  fflti.o(.text)
    __aeabi_ui2f                             0x080006cd   Thumb Code    10  ffltui.o(.text)
    __aeabi_i2d                              0x080006d7   Thumb Code    34  dflti.o(.text)
    __aeabi_ui2d                             0x080006f9   Thumb Code    26  dfltui.o(.text)
    __aeabi_f2iz                             0x08000713   Thumb Code    50  ffixi.o(.text)
    __aeabi_d2uiz                            0x08000745   Thumb Code    50  dfixui.o(.text)
    __aeabi_f2d                              0x08000777   Thumb Code    38  f2d.o(.text)
    __aeabi_cdcmpeq                          0x0800079d   Thumb Code     0  cdcmple.o(.text)
    __aeabi_cdcmple                          0x0800079d   Thumb Code    48  cdcmple.o(.text)
    __aeabi_cdrcmple                         0x080007cd   Thumb Code    48  cdrcmple.o(.text)
    __aeabi_d2f                              0x080007fd   Thumb Code    56  d2f.o(.text)
    __aeabi_cfcmpeq                          0x08000835   Thumb Code     0  cfcmple.o(.text)
    __aeabi_cfcmple                          0x08000835   Thumb Code    20  cfcmple.o(.text)
    __aeabi_cfrcmple                         0x08000849   Thumb Code    20  cfrcmple.o(.text)
    __aeabi_llsl                             0x0800085d   Thumb Code    30  llshl.o(.text)
    _ll_shift_l                              0x0800085d   Thumb Code     0  llshl.o(.text)
    __aeabi_lasr                             0x0800087b   Thumb Code    36  llsshr.o(.text)
    _ll_sshift_r                             0x0800087b   Thumb Code     0  llsshr.o(.text)
    __I$use$fp                               0x0800089f   Thumb Code     0  iusefp.o(.text)
    _float_round                             0x0800089f   Thumb Code    18  fepilogue.o(.text)
    _float_epilogue                          0x080008b1   Thumb Code    92  fepilogue.o(.text)
    _double_round                            0x0800090d   Thumb Code    30  depilogue.o(.text)
    _double_epilogue                         0x0800092b   Thumb Code   156  depilogue.o(.text)
    __scatterload                            0x080009c9   Thumb Code    28  init.o(.text)
    __scatterload_rt2                        0x080009c9   Thumb Code     0  init.o(.text)
    __decompress                             0x080009ed   Thumb Code     0  __dczerorl2.o(.text)
    __decompress1                            0x080009ed   Thumb Code    86  __dczerorl2.o(.text)
    AdCircle                                 0x08000a45   Thumb Code    30  turn.o(i.AdCircle)
    Anti_shake                               0x08000a69   Thumb Code    32  barrier.o(i.Anti_shake)
    Barrier_Bridge                           0x08000a8d   Thumb Code   230  barrier.o(i.Barrier_Bridge)
    Barrier_Down_HighMountain                0x08000ba9   Thumb Code   120  barrier.o(i.Barrier_Down_HighMountain)
    Barrier_HighMountain                     0x08000c45   Thumb Code   486  barrier.o(i.Barrier_HighMountain)
    Barrier_Hill                             0x08000e79   Thumb Code   116  barrier.o(i.Barrier_Hill)
    Barrier_WavedPlate                       0x08000f0d   Thumb Code    50  barrier.o(i.Barrier_WavedPlate)
    BusFault_Handler                         0x08000f4d   Thumb Code     2  stm32f1xx_it.o(i.BusFault_Handler)
    CarBrake                                 0x08000f51   Thumb Code    18  speed_ctrl.o(i.CarBrake)
    Cross                                    0x08000f69   Thumb Code  1324  map.o(i.Cross)
    DMA1_Channel3_IRQHandler                 0x0800149d   Thumb Code     2  stm32f1xx_it.o(i.DMA1_Channel3_IRQHandler)
    DMA1_Channel6_IRQHandler                 0x080014a1   Thumb Code     6  stm32f1xx_it.o(i.DMA1_Channel6_IRQHandler)
    DebugMon_Handler                         0x080014d9   Thumb Code     2  stm32f1xx_it.o(i.DebugMon_Handler)
    Error_Handler                            0x080014db   Thumb Code    22  main.o(i.Error_Handler)
    Go_Line                                  0x080014f1   Thumb Code    84  scaner.o(i.Go_Line)
    HAL_DMA_Abort                            0x08001561   Thumb Code    70  stm32f1xx_hal_dma.o(i.HAL_DMA_Abort)
    HAL_DMA_Abort_IT                         0x080015a9   Thumb Code   328  stm32f1xx_hal_dma.o(i.HAL_DMA_Abort_IT)
    HAL_DMA_IRQHandler                       0x080016f9   Thumb Code   640  stm32f1xx_hal_dma.o(i.HAL_DMA_IRQHandler)
    HAL_DMA_Init                             0x08001999   Thumb Code   116  stm32f1xx_hal_dma.o(i.HAL_DMA_Init)
    HAL_DMA_Start_IT                         0x08001a19   Thumb Code   116  stm32f1xx_hal_dma.o(i.HAL_DMA_Start_IT)
    HAL_Delay                                0x08001a8d   Thumb Code    32  stm32f1xx_hal.o(i.HAL_Delay)
    HAL_GPIO_Init                            0x08001ab1   Thumb Code   492  stm32f1xx_hal_gpio.o(i.HAL_GPIO_Init)
    HAL_GPIO_ReadPin                         0x08001cc5   Thumb Code    14  stm32f1xx_hal_gpio.o(i.HAL_GPIO_ReadPin)
    HAL_GPIO_TogglePin                       0x08001cd3   Thumb Code    16  stm32f1xx_hal_gpio.o(i.HAL_GPIO_TogglePin)
    HAL_GPIO_WritePin                        0x08001ce3   Thumb Code    14  stm32f1xx_hal_gpio.o(i.HAL_GPIO_WritePin)
    HAL_GetTick                              0x08001cf1   Thumb Code     6  stm32f1xx_hal.o(i.HAL_GetTick)
    HAL_IncTick                              0x08001cfd   Thumb Code    12  stm32f1xx_hal.o(i.HAL_IncTick)
    HAL_Init                                 0x08001d0d   Thumb Code    32  stm32f1xx_hal.o(i.HAL_Init)
    HAL_InitTick                             0x08001d31   Thumb Code    58  stm32f1xx_hal.o(i.HAL_InitTick)
    HAL_MspInit                              0x08001d75   Thumb Code    62  stm32f1xx_hal_msp.o(i.HAL_MspInit)
    HAL_NVIC_EnableIRQ                       0x08001dbd   Thumb Code    26  stm32f1xx_hal_cortex.o(i.HAL_NVIC_EnableIRQ)
    HAL_NVIC_SetPriority                     0x08001dd9   Thumb Code    60  stm32f1xx_hal_cortex.o(i.HAL_NVIC_SetPriority)
    HAL_NVIC_SetPriorityGrouping             0x08001e19   Thumb Code    26  stm32f1xx_hal_cortex.o(i.HAL_NVIC_SetPriorityGrouping)
    HAL_RCC_ClockConfig                      0x08001e3d   Thumb Code   318  stm32f1xx_hal_rcc.o(i.HAL_RCC_ClockConfig)
    HAL_RCC_GetHCLKFreq                      0x08001f91   Thumb Code     6  stm32f1xx_hal_rcc.o(i.HAL_RCC_GetHCLKFreq)
    HAL_RCC_GetPCLK1Freq                     0x08001f9d   Thumb Code    22  stm32f1xx_hal_rcc.o(i.HAL_RCC_GetPCLK1Freq)
    HAL_RCC_GetPCLK2Freq                     0x08001fbd   Thumb Code    22  stm32f1xx_hal_rcc.o(i.HAL_RCC_GetPCLK2Freq)
    HAL_RCC_GetSysClockFreq                  0x08001fdd   Thumb Code    82  stm32f1xx_hal_rcc.o(i.HAL_RCC_GetSysClockFreq)
    HAL_RCC_OscConfig                        0x08002051   Thumb Code   882  stm32f1xx_hal_rcc.o(i.HAL_RCC_OscConfig)
    HAL_SYSTICK_Config                       0x080023d5   Thumb Code    40  stm32f1xx_hal_cortex.o(i.HAL_SYSTICK_Config)
    HAL_TIMEx_BreakCallback                  0x080023fd   Thumb Code     2  stm32f1xx_hal_tim_ex.o(i.HAL_TIMEx_BreakCallback)
    HAL_TIMEx_CommutCallback                 0x080023ff   Thumb Code     2  stm32f1xx_hal_tim_ex.o(i.HAL_TIMEx_CommutCallback)
    HAL_TIMEx_ConfigBreakDeadTime            0x08002401   Thumb Code    84  stm32f1xx_hal_tim_ex.o(i.HAL_TIMEx_ConfigBreakDeadTime)
    HAL_TIMEx_MasterConfigSynchronization    0x08002455   Thumb Code   102  stm32f1xx_hal_tim_ex.o(i.HAL_TIMEx_MasterConfigSynchronization)
    HAL_TIM_Base_Init                        0x080024d1   Thumb Code    74  stm32f1xx_hal_tim.o(i.HAL_TIM_Base_Init)
    HAL_TIM_Base_MspInit                     0x0800251d   Thumb Code    96  tim.o(i.HAL_TIM_Base_MspInit)
    HAL_TIM_Base_Start_IT                    0x0800258d   Thumb Code    98  stm32f1xx_hal_tim.o(i.HAL_TIM_Base_Start_IT)
    HAL_TIM_ConfigClockSource                0x08002605   Thumb Code   226  stm32f1xx_hal_tim.o(i.HAL_TIM_ConfigClockSource)
    HAL_TIM_Encoder_Init                     0x080026e7   Thumb Code   176  stm32f1xx_hal_tim.o(i.HAL_TIM_Encoder_Init)
    HAL_TIM_Encoder_MspInit                  0x08002799   Thumb Code   286  tim.o(i.HAL_TIM_Encoder_MspInit)
    HAL_TIM_Encoder_Start                    0x080028d5   Thumb Code   168  stm32f1xx_hal_tim.o(i.HAL_TIM_Encoder_Start)
    HAL_TIM_IC_CaptureCallback               0x0800297d   Thumb Code     2  stm32f1xx_hal_tim.o(i.HAL_TIM_IC_CaptureCallback)
    HAL_TIM_IRQHandler                       0x0800297f   Thumb Code   366  stm32f1xx_hal_tim.o(i.HAL_TIM_IRQHandler)
    HAL_TIM_MspPostInit                      0x08002aed   Thumb Code   106  tim.o(i.HAL_TIM_MspPostInit)
    HAL_TIM_OC_DelayElapsedCallback          0x08002b6d   Thumb Code     2  stm32f1xx_hal_tim.o(i.HAL_TIM_OC_DelayElapsedCallback)
    HAL_TIM_PWM_ConfigChannel                0x08002b6f   Thumb Code   210  stm32f1xx_hal_tim.o(i.HAL_TIM_PWM_ConfigChannel)
    HAL_TIM_PWM_Init                         0x08002c41   Thumb Code    74  stm32f1xx_hal_tim.o(i.HAL_TIM_PWM_Init)
    HAL_TIM_PWM_MspInit                      0x08002c8b   Thumb Code     2  stm32f1xx_hal_tim.o(i.HAL_TIM_PWM_MspInit)
    HAL_TIM_PWM_PulseFinishedCallback        0x08002c8d   Thumb Code     2  stm32f1xx_hal_tim.o(i.HAL_TIM_PWM_PulseFinishedCallback)
    HAL_TIM_PWM_Start                        0x08002c91   Thumb Code   178  stm32f1xx_hal_tim.o(i.HAL_TIM_PWM_Start)
    HAL_TIM_PeriodElapsedCallback            0x08002d59   Thumb Code   560  tim_it.o(i.HAL_TIM_PeriodElapsedCallback)
    HAL_TIM_TriggerCallback                  0x08002fd9   Thumb Code     2  stm32f1xx_hal_tim.o(i.HAL_TIM_TriggerCallback)
    HAL_UARTEx_RxEventCallback               0x08002fdb   Thumb Code     2  stm32f1xx_hal_uart.o(i.HAL_UARTEx_RxEventCallback)
    HAL_UART_DMAStop                         0x08002fdd   Thumb Code    88  stm32f1xx_hal_uart.o(i.HAL_UART_DMAStop)
    HAL_UART_ErrorCallback                   0x08003035   Thumb Code     2  stm32f1xx_hal_uart.o(i.HAL_UART_ErrorCallback)
    HAL_UART_IRQHandler                      0x08003039   Thumb Code   456  stm32f1xx_hal_uart.o(i.HAL_UART_IRQHandler)
    HAL_UART_Init                            0x08003205   Thumb Code   100  stm32f1xx_hal_uart.o(i.HAL_UART_Init)
    HAL_UART_MspInit                         0x08003269   Thumb Code   516  usart.o(i.HAL_UART_MspInit)
    HAL_UART_Receive_DMA                     0x08003499   Thumb Code    46  stm32f1xx_hal_uart.o(i.HAL_UART_Receive_DMA)
    HAL_UART_RxCpltCallback                  0x080034c7   Thumb Code     2  stm32f1xx_hal_uart.o(i.HAL_UART_RxCpltCallback)
    HAL_UART_RxHalfCpltCallback              0x080034c9   Thumb Code     2  stm32f1xx_hal_uart.o(i.HAL_UART_RxHalfCpltCallback)
    HAL_UART_Transmit                        0x080034cb   Thumb Code   190  stm32f1xx_hal_uart.o(i.HAL_UART_Transmit)
    HAL_UART_TxCpltCallback                  0x08003589   Thumb Code     2  stm32f1xx_hal_uart.o(i.HAL_UART_TxCpltCallback)
    HardFault_Handler                        0x0800358b   Thumb Code     2  stm32f1xx_it.o(i.HardFault_Handler)
    LED_on                                   0x0800358d   Thumb Code    10  bsp_led.o(i.LED_on)
    LED_twinkle                              0x0800359d   Thumb Code    10  bsp_led.o(i.LED_twinkle)
    LFB_receive_init                         0x080035ad   Thumb Code    14  bsp_linefollower.o(i.LFB_receive_init)
    LFB_send                                 0x080035c1   Thumb Code    22  bsp_linefollower.o(i.LFB_send)
    MX_DMA_Init                              0x080035e1   Thumb Code    56  dma.o(i.MX_DMA_Init)
    MX_GPIO_Init                             0x0800361d   Thumb Code   258  gpio.o(i.MX_GPIO_Init)
    MX_TIM1_Init                             0x08003731   Thumb Code   240  tim.o(i.MX_TIM1_Init)
    MX_TIM2_Init                             0x08003829   Thumb Code   102  tim.o(i.MX_TIM2_Init)
    MX_TIM3_Init                             0x08003895   Thumb Code   100  tim.o(i.MX_TIM3_Init)
    MX_TIM4_Init                             0x08003901   Thumb Code   100  tim.o(i.MX_TIM4_Init)
    MX_TIM5_Init                             0x0800396d   Thumb Code   100  tim.o(i.MX_TIM5_Init)
    MX_TIM6_Init                             0x080039d9   Thumb Code    62  tim.o(i.MX_TIM6_Init)
    MX_TIM8_Init                             0x08003a21   Thumb Code   240  tim.o(i.MX_TIM8_Init)
    MX_UART4_Init                            0x08003b19   Thumb Code    48  usart.o(i.MX_UART4_Init)
    MX_UART5_Init                            0x08003b51   Thumb Code    48  usart.o(i.MX_UART5_Init)
    MX_USART2_UART_Init                      0x08003b89   Thumb Code    48  usart.o(i.MX_USART2_UART_Init)
    MX_USART3_UART_Init                      0x08003bc1   Thumb Code    48  usart.o(i.MX_USART3_UART_Init)
    MemManage_Handler                        0x08003bf9   Thumb Code     2  stm32f1xx_it.o(i.MemManage_Handler)
    NMI_Handler                              0x08003bfb   Thumb Code     2  stm32f1xx_it.o(i.NMI_Handler)
    QQB_1                                    0x08003bfd   Thumb Code   472  barrier.o(i.QQB_1)
    QR_receive_init                          0x08003e25   Thumb Code    14  bsp_qrscan.o(i.QR_receive_init)
    S_curve                                  0x08003e5d   Thumb Code   192  barrier.o(i.S_curve)
    Shine_o_f                                0x08003f45   Thumb Code    26  bsp_led.o(i.Shine_o_f)
    Shine_off                                0x08003f61   Thumb Code    10  bsp_led.o(i.Shine_off)
    Shine_on                                 0x08003f71   Thumb Code    10  bsp_led.o(i.Shine_on)
    South_Pole                               0x08003f81   Thumb Code   332  barrier.o(i.South_Pole)
    Stage                                    0x08004111   Thumb Code   448  barrier.o(i.Stage)
    Stage_P2                                 0x08004301   Thumb Code   102  barrier.o(i.Stage_P2)
    Sword_Mountain                           0x0800438d   Thumb Code   140  barrier.o(i.Sword_Mountain)
    SysTick_Handler                          0x0800443d   Thumb Code     4  stm32f1xx_it.o(i.SysTick_Handler)
    SystemClock_Config                       0x08004441   Thumb Code    94  main.o(i.SystemClock_Config)
    SystemInit                               0x080044a1   Thumb Code    56  system_stm32f1xx.o(i.SystemInit)
    TIM6_IRQHandler                          0x080044e9   Thumb Code     6  stm32f1xx_it.o(i.TIM6_IRQHandler)
    TIM_Base_SetConfig                       0x080044f5   Thumb Code   124  stm32f1xx_hal_tim.o(i.TIM_Base_SetConfig)
    TIM_CCxChannelCmd                        0x08004585   Thumb Code    26  stm32f1xx_hal_tim.o(i.TIM_CCxChannelCmd)
    TIM_ETR_SetConfig                        0x0800459f   Thumb Code    20  stm32f1xx_hal_tim.o(i.TIM_ETR_SetConfig)
    TIM_OC2_SetConfig                        0x0800462d   Thumb Code   106  stm32f1xx_hal_tim.o(i.TIM_OC2_SetConfig)
    Turn_Angle                               0x080047ad   Thumb Code   150  turn.o(i.Turn_Angle)
    Turn_Angle360                            0x0800485d   Thumb Code   114  turn.o(i.Turn_Angle360)
    Turn_Angle_Relative                      0x080048e5   Thumb Code    54  turn.o(i.Turn_Angle_Relative)
    UART4_IRQHandler                         0x0800492d   Thumb Code   192  bsp_linefollower.o(i.UART4_IRQHandler)
    UART5_IRQHandler                         0x08004a01   Thumb Code   110  bsp_qrscan.o(i.UART5_IRQHandler)
    UART_Start_Receive_DMA                   0x08004d1d   Thumb Code   102  stm32f1xx_hal_uart.o(i.UART_Start_Receive_DMA)
    USART2_IRQHandler                        0x08004e55   Thumb Code   182  openmv.o(i.USART2_IRQHandler)
    USART3_IRQHandler                        0x08004f19   Thumb Code   262  bsp_imu.o(i.USART3_IRQHandler)
    UsageFault_Handler                       0x08005039   Thumb Code     2  stm32f1xx_it.o(i.UsageFault_Handler)
    __scatterload_copy                       0x0800505b   Thumb Code    14  handlers.o(i.__scatterload_copy)
    __scatterload_null                       0x08005069   Thumb Code     2  handlers.o(i.__scatterload_null)
    __scatterload_zeroinit                   0x0800506b   Thumb Code    14  handlers.o(i.__scatterload_zeroinit)
    actions                                  0x08005079   Thumb Code   206  motion.o(i.actions)
    angle_write                              0x08005149   Thumb Code    44  bsp_servo_iic.o(i.angle_write)
    back                                     0x08005181   Thumb Code   112  barrier.o(i.back)
    buzzer_off                               0x08005211   Thumb Code    10  bsp_buzzer.o(i.buzzer_off)
    buzzer_on                                0x08005221   Thumb Code    10  bsp_buzzer.o(i.buzzer_on)
    check_BW                                 0x08005231   Thumb Code   116  bsp_qrscan.o(i.check_BW)
    deal_arrive                              0x080052a9   Thumb Code   308  map.o(i.deal_arrive)
    delay_init                               0x080053e9   Thumb Code    26  bsp_delay.o(i.delay_init)
    delay_ms                                 0x08005411   Thumb Code    50  bsp_delay.o(i.delay_ms)
    delay_us                                 0x08005449   Thumb Code    50  bsp_delay.o(i.delay_us)
    door                                     0x08005481   Thumb Code   594  barrier.o(i.door)
    floor                                    0x08005715   Thumb Code   204  floor.o(i.floor)
    getAngleZ                                0x080057f1   Thumb Code    44  turn.o(i.getAngleZ)
    getNextConnectNode                       0x0800582d   Thumb Code    42  map.o(i.getNextConnectNode)
    gradual_cal                              0x08005865   Thumb Code   102  speed_ctrl.o(i.gradual_cal)
    ignore_node                              0x080058cd   Thumb Code    16  barrier.o(i.ignore_node)
    iic_ack                                  0x080058e1   Thumb Code    76  bsp_servo_iic.o(i.iic_ack)
    iic_not_ack                              0x08005931   Thumb Code    76  bsp_servo_iic.o(i.iic_not_ack)
    iic_read_byte                            0x08005981   Thumb Code   104  bsp_servo_iic.o(i.iic_read_byte)
    iic_send_byte                            0x080059ed   Thumb Code    96  bsp_servo_iic.o(i.iic_send_byte)
    iic_start                                0x08005a51   Thumb Code    76  bsp_servo_iic.o(i.iic_start)
    iic_stop                                 0x08005aa1   Thumb Code    76  bsp_servo_iic.o(i.iic_stop)
    iic_wait_ack                             0x08005af1   Thumb Code    98  bsp_servo_iic.o(i.iic_wait_ack)
    imu_receive_init                         0x08005b59   Thumb Code    22  bsp_imu.o(i.imu_receive_init)
    incremental_PID                          0x08005b79   Thumb Code   198  pid.o(i.incremental_PID)
    main                                     0x08005c41   Thumb Code   270  main.o(i.main)
    mapInit                                  0x08005d71   Thumb Code    78  map.o(i.mapInit)
    map_function                             0x08005dd5   Thumb Code   112  map.o(i.map_function)
    motor_pid_clear                          0x08005e59   Thumb Code    86  pid.o(i.motor_pid_clear)
    motor_pwm_enable                         0x08005eb5   Thumb Code   102  bsp_motor.o(i.motor_pwm_enable)
    motor_set_pwm                            0x08005f35   Thumb Code   160  bsp_motor.o(i.motor_set_pwm)
    mpuZreset                                0x08005fdd   Thumb Code    12  turn.o(i.mpuZreset)
    need2turn                                0x08005fed   Thumb Code    38  turn.o(i.need2turn)
    openmv_receive_init                      0x08006021   Thumb Code    22  openmv.o(i.openmv_receive_init)
    pca_init                                 0x08006041   Thumb Code    30  bsp_servo_iic.o(i.pca_init)
    pca_read                                 0x0800605f   Thumb Code    58  bsp_servo_iic.o(i.pca_read)
    pca_setfreq                              0x08006099   Thumb Code   154  bsp_servo_iic.o(i.pca_setfreq)
    pca_setpwm                               0x08006149   Thumb Code    72  bsp_servo_iic.o(i.pca_setpwm)
    pca_write                                0x08006191   Thumb Code    48  bsp_servo_iic.o(i.pca_write)
    pid_init                                 0x080061c1   Thumb Code   100  pid.o(i.pid_init)
    pid_mode_switch                          0x08006265   Thumb Code   274  tim_it.o(i.pid_mode_switch)
    positional_PID                           0x08006391   Thumb Code   180  pid.o(i.positional_PID)
    powCal                                   0x08006445   Thumb Code   318  scaner.o(i.powCal)
    read_encoder                             0x0800658d   Thumb Code    64  bsp_motor.o(i.read_encoder)
    route_reset                              0x080065d9   Thumb Code   468  barrier.o(i.route_reset)
    runWithAngle                             0x080067d5   Thumb Code   108  turn.o(i.runWithAngle)
    undermou                                 0x08006851   Thumb Code    96  barrier.o(i.undermou)
    view                                     0x080068d5   Thumb Code   146  barrier.o(i.view)
    view1                                    0x08006999   Thumb Code    44  barrier.o(i.view1)
    AHBPrescTable                            0x080069cc   Data          16  system_stm32f1xx.o(.constdata)
    APBPrescTable                            0x080069dc   Data           8  system_stm32f1xx.o(.constdata)
    line_weight                              0x080069e4   Data          64  scaner.o(.constdata)
    Region$$Table$$Base                      0x08006a40   Number         0  anon$$obj.o(Region$$Table)
    Region$$Table$$Limit                     0x08006a60   Number         0  anon$$obj.o(Region$$Table)
    SystemCoreClock                          0x20000000   Data           4  system_stm32f1xx.o(.data)
    imu_rx_len                               0x2000000c   Data           1  bsp_imu.o(.data)
    infrared                                 0x2000000f   Data           4  bsp_linefollower.o(.data)
    BAOWU_flag                               0x20000014   Data           2  bsp_qrscan.o(.data)
    BAOWU_flag_2                             0x20000016   Data           2  bsp_qrscan.o(.data)
    BAOWU_flag_3                             0x20000018   Data           2  bsp_qrscan.o(.data)
    ct_flag                                  0x2000001c   Data           4  bsp_qrscan.o(.data)
    rx_len                                   0x20000021   Data           1  openmv.o(.data)
    counter                                  0x20000022   Data           1  openmv.o(.data)
    flag                                     0x20000023   Data           1  openmv.o(.data)
    value                                    0x20000028   Data           4  openmv.o(.data)
    motor_all                                0x2000002c   Data          44  speed_ctrl.o(.data)
    angle                                    0x20000058   Data           8  turn.o(.data)
    map                                      0x20000061   Data           2  map.o(.data)
    route                                    0x20000068   Data         100  map.o(.data)
    door1route                               0x200000cc   Data         100  map.o(.data)
    door2route                               0x20000130   Data         100  map.o(.data)
    door3route                               0x20000194   Data         100  map.o(.data)
    door4route                               0x200001f8   Data         100  map.o(.data)
    Node                                     0x20000260   Data        2360  map_message.o(.data)
    ConnectionNum                            0x20000b98   Data          50  map_message.o(.data)
    Address                                  0x20000bca   Data          50  map_message.o(.data)
    scaner_set                               0x20000bfc   Data           8  scaner.o(.data)
    line_gyro_switch                         0x20000c04   Data           1  tim_it.o(.data)
    PIDMode                                  0x20000c05   Data           1  tim_it.o(.data)
    TIM6_tick                                0x20000c0c   Data           4  tim_it.o(.data)
    uwTickFreq                               0x20000c10   Data           1  stm32f1xx_hal.o(.data)
    uwTickPrio                               0x20000c14   Data           4  stm32f1xx_hal.o(.data)
    uwTick                                   0x20000c18   Data           4  stm32f1xx_hal.o(.data)
    htim1                                    0x20000c1c   Data          72  tim.o(.bss)
    htim2                                    0x20000c64   Data          72  tim.o(.bss)
    htim3                                    0x20000cac   Data          72  tim.o(.bss)
    htim4                                    0x20000cf4   Data          72  tim.o(.bss)
    htim5                                    0x20000d3c   Data          72  tim.o(.bss)
    htim6                                    0x20000d84   Data          72  tim.o(.bss)
    htim8                                    0x20000dcc   Data          72  tim.o(.bss)
    huart4                                   0x20000e14   Data          68  usart.o(.bss)
    huart5                                   0x20000e58   Data          68  usart.o(.bss)
    huart2                                   0x20000e9c   Data          68  usart.o(.bss)
    huart3                                   0x20000ee0   Data          68  usart.o(.bss)
    hdma_usart2_rx                           0x20000f24   Data          68  usart.o(.bss)
    hdma_usart3_rx                           0x20000f68   Data          68  usart.o(.bss)
    imu_rx_buf                               0x20000fac   Data         200  bsp_imu.o(.bss)
    imu                                      0x20001074   Data          20  bsp_imu.o(.bss)
    BW_num                                   0x2000109c   Data          12  bsp_qrscan.o(.bss)
    TC_speed                                 0x200010a8   Data          12  speed_ctrl.o(.bss)
    TG_speed                                 0x200010b4   Data          12  speed_ctrl.o(.bss)
    nodesr                                   0x200010c0   Data          44  map.o(.bss)
    Scaner                                   0x200010ec   Data          12  scaner.o(.bss)
    motor_L0                                 0x200010f8   Data          24  pid.o(.bss)
    motor_L1                                 0x20001110   Data          24  pid.o(.bss)
    motor_R0                                 0x20001128   Data          24  pid.o(.bss)
    motor_R1                                 0x20001140   Data          24  pid.o(.bss)
    motor_pid_param                          0x20001158   Data          28  pid.o(.bss)
    line_pid_param                           0x20001174   Data          28  pid.o(.bss)
    gyroT_pid_param                          0x20001190   Data          28  pid.o(.bss)
    gyroG_pid_param                          0x200011ac   Data          28  pid.o(.bss)
    line_pid_obj                             0x200011c8   Data          28  pid.o(.bss)
    gyroT_pid                                0x200011e4   Data          28  pid.o(.bss)
    gyroG_pid                                0x20001200   Data          28  pid.o(.bss)
    __initial_sp                             0x20001a20   Data           0  startup_stm32f103xe.o(STACK)



==============================================================================

Memory Map of the image

  Image Entry point : 0x08000131

  Load Region LR_IROM1 (Base: 0x08000000, Size: 0x0000767c, Max: 0x00040000, ABSOLUTE, COMPRESSED[0x00006efc])

    Execution Region ER_IROM1 (Exec base: 0x08000000, Load base: 0x08000000, Size: 0x00006a60, Max: 0x00040000, ABSOLUTE)

    Exec Addr    Load Addr    Size         Type   Attr      Idx    E Section Name        Object

    0x08000000   0x08000000   0x00000130   Data   RO            3    RESET               startup_stm32f103xe.o
    0x08000130   0x08000130   0x00000000   Code   RO         4022  * .ARM.Collect$$$$00000000  mc_w.l(entry.o)
    0x08000130   0x08000130   0x00000004   Code   RO         4362    .ARM.Collect$$$$00000001  mc_w.l(entry2.o)
    0x08000134   0x08000134   0x00000004   Code   RO         4365    .ARM.Collect$$$$00000004  mc_w.l(entry5.o)
    0x08000138   0x08000138   0x00000000   Code   RO         4367    .ARM.Collect$$$$00000008  mc_w.l(entry7b.o)
    0x08000138   0x08000138   0x00000000   Code   RO         4369    .ARM.Collect$$$$0000000A  mc_w.l(entry8b.o)
    0x08000138   0x08000138   0x00000008   Code   RO         4370    .ARM.Collect$$$$0000000B  mc_w.l(entry9a.o)
    0x08000140   0x08000140   0x00000004   Code   RO         4377    .ARM.Collect$$$$0000000E  mc_w.l(entry12b.o)
    0x08000144   0x08000144   0x00000000   Code   RO         4372    .ARM.Collect$$$$0000000F  mc_w.l(entry10a.o)
    0x08000144   0x08000144   0x00000000   Code   RO         4374    .ARM.Collect$$$$00000011  mc_w.l(entry11a.o)
    0x08000144   0x08000144   0x00000004   Code   RO         4363    .ARM.Collect$$$$00002712  mc_w.l(entry2.o)
    0x08000148   0x08000148   0x00000024   Code   RO            4    .text               startup_stm32f103xe.o
    0x0800016c   0x0800016c   0x00000020   Code   RO         4025    .text               mc_w.l(llushr.o)
    0x0800018c   0x0800018c   0x00000024   Code   RO         4027    .text               mc_w.l(memcpya.o)
    0x080001b0   0x080001b0   0x00000024   Code   RO         4029    .text               mc_w.l(memseta.o)
    0x080001d4   0x080001d4   0x000000b0   Code   RO         4294    .text               mf_w.l(fadd.o)
    0x08000284   0x08000284   0x00000064   Code   RO         4296    .text               mf_w.l(fmul.o)
    0x080002e8   0x080002e8   0x0000007c   Code   RO         4298    .text               mf_w.l(fdiv.o)
    0x08000364   0x08000364   0x00000018   Code   RO         4300    .text               mf_w.l(fscalb.o)
    0x0800037c   0x0800037c   0x0000014e   Code   RO         4302    .text               mf_w.l(dadd.o)
    0x080004ca   0x080004ca   0x000000e4   Code   RO         4304    .text               mf_w.l(dmul.o)
    0x080005ae   0x080005ae   0x000000de   Code   RO         4306    .text               mf_w.l(ddiv.o)
    0x0800068c   0x0800068c   0x0000002e   Code   RO         4308    .text               mf_w.l(dscalb.o)
    0x080006ba   0x080006ba   0x00000012   Code   RO         4310    .text               mf_w.l(fflti.o)
    0x080006cc   0x080006cc   0x0000000a   Code   RO         4312    .text               mf_w.l(ffltui.o)
    0x080006d6   0x080006d6   0x00000022   Code   RO         4314    .text               mf_w.l(dflti.o)
    0x080006f8   0x080006f8   0x0000001a   Code   RO         4316    .text               mf_w.l(dfltui.o)
    0x08000712   0x08000712   0x00000032   Code   RO         4318    .text               mf_w.l(ffixi.o)
    0x08000744   0x08000744   0x00000032   Code   RO         4320    .text               mf_w.l(dfixui.o)
    0x08000776   0x08000776   0x00000026   Code   RO         4322    .text               mf_w.l(f2d.o)
    0x0800079c   0x0800079c   0x00000030   Code   RO         4324    .text               mf_w.l(cdcmple.o)
    0x080007cc   0x080007cc   0x00000030   Code   RO         4326    .text               mf_w.l(cdrcmple.o)
    0x080007fc   0x080007fc   0x00000038   Code   RO         4328    .text               mf_w.l(d2f.o)
    0x08000834   0x08000834   0x00000014   Code   RO         4330    .text               mf_w.l(cfcmple.o)
    0x08000848   0x08000848   0x00000014   Code   RO         4332    .text               mf_w.l(cfrcmple.o)
    0x0800085c   0x0800085c   0x0000001e   Code   RO         4382    .text               mc_w.l(llshl.o)
    0x0800087a   0x0800087a   0x00000024   Code   RO         4384    .text               mc_w.l(llsshr.o)
    0x0800089e   0x0800089e   0x00000000   Code   RO         4393    .text               mc_w.l(iusefp.o)
    0x0800089e   0x0800089e   0x0000006e   Code   RO         4394    .text               mf_w.l(fepilogue.o)
    0x0800090c   0x0800090c   0x000000ba   Code   RO         4396    .text               mf_w.l(depilogue.o)
    0x080009c6   0x080009c6   0x00000002   PAD
    0x080009c8   0x080009c8   0x00000024   Code   RO         4404    .text               mc_w.l(init.o)
    0x080009ec   0x080009ec   0x00000056   Code   RO         4416    .text               mc_w.l(__dczerorl2.o)
    0x08000a42   0x08000a42   0x00000002   PAD
    0x08000a44   0x08000a44   0x00000024   Code   RO         1084    i.AdCircle          turn.o
    0x08000a68   0x08000a68   0x00000024   Code   RO         1225    i.Anti_shake        barrier.o
    0x08000a8c   0x08000a8c   0x0000011c   Code   RO         1226    i.Barrier_Bridge    barrier.o
    0x08000ba8   0x08000ba8   0x0000009c   Code   RO         1227    i.Barrier_Down_HighMountain  barrier.o
    0x08000c44   0x08000c44   0x00000234   Code   RO         1228    i.Barrier_HighMountain  barrier.o
    0x08000e78   0x08000e78   0x00000094   Code   RO         1229    i.Barrier_Hill      barrier.o
    0x08000f0c   0x08000f0c   0x00000040   Code   RO         1230    i.Barrier_WavedPlate  barrier.o
    0x08000f4c   0x08000f4c   0x00000002   Code   RO          463    i.BusFault_Handler  stm32f1xx_it.o
    0x08000f4e   0x08000f4e   0x00000002   PAD
    0x08000f50   0x08000f50   0x00000018   Code   RO         1046    i.CarBrake          speed_ctrl.o
    0x08000f68   0x08000f68   0x00000534   Code   RO         1163    i.Cross             map.o
    0x0800149c   0x0800149c   0x00000002   Code   RO          464    i.DMA1_Channel3_IRQHandler  stm32f1xx_it.o
    0x0800149e   0x0800149e   0x00000002   PAD
    0x080014a0   0x080014a0   0x0000000c   Code   RO          465    i.DMA1_Channel6_IRQHandler  stm32f1xx_it.o
    0x080014ac   0x080014ac   0x0000002c   Code   RO         3028    i.DMA_SetConfig     stm32f1xx_hal_dma.o
    0x080014d8   0x080014d8   0x00000002   Code   RO          466    i.DebugMon_Handler  stm32f1xx_it.o
    0x080014da   0x080014da   0x00000016   Code   RO           13    i.Error_Handler     main.o
    0x080014f0   0x080014f0   0x00000070   Code   RO         1399    i.Go_Line           scaner.o
    0x08001560   0x08001560   0x00000046   Code   RO         3029    i.HAL_DMA_Abort     stm32f1xx_hal_dma.o
    0x080015a6   0x080015a6   0x00000002   PAD
    0x080015a8   0x080015a8   0x00000150   Code   RO         3030    i.HAL_DMA_Abort_IT  stm32f1xx_hal_dma.o
    0x080016f8   0x080016f8   0x000002a0   Code   RO         3034    i.HAL_DMA_IRQHandler  stm32f1xx_hal_dma.o
    0x08001998   0x08001998   0x00000080   Code   RO         3035    i.HAL_DMA_Init      stm32f1xx_hal_dma.o
    0x08001a18   0x08001a18   0x00000074   Code   RO         3039    i.HAL_DMA_Start_IT  stm32f1xx_hal_dma.o
    0x08001a8c   0x08001a8c   0x00000024   Code   RO         2652    i.HAL_Delay         stm32f1xx_hal.o
    0x08001ab0   0x08001ab0   0x00000214   Code   RO         2965    i.HAL_GPIO_Init     stm32f1xx_hal_gpio.o
    0x08001cc4   0x08001cc4   0x0000000e   Code   RO         2967    i.HAL_GPIO_ReadPin  stm32f1xx_hal_gpio.o
    0x08001cd2   0x08001cd2   0x00000010   Code   RO         2968    i.HAL_GPIO_TogglePin  stm32f1xx_hal_gpio.o
    0x08001ce2   0x08001ce2   0x0000000e   Code   RO         2969    i.HAL_GPIO_WritePin  stm32f1xx_hal_gpio.o
    0x08001cf0   0x08001cf0   0x0000000c   Code   RO         2656    i.HAL_GetTick       stm32f1xx_hal.o
    0x08001cfc   0x08001cfc   0x00000010   Code   RO         2662    i.HAL_IncTick       stm32f1xx_hal.o
    0x08001d0c   0x08001d0c   0x00000024   Code   RO         2663    i.HAL_Init          stm32f1xx_hal.o
    0x08001d30   0x08001d30   0x00000044   Code   RO         2664    i.HAL_InitTick      stm32f1xx_hal.o
    0x08001d74   0x08001d74   0x00000048   Code   RO          545    i.HAL_MspInit       stm32f1xx_hal_msp.o
    0x08001dbc   0x08001dbc   0x0000001a   Code   RO         3125    i.HAL_NVIC_EnableIRQ  stm32f1xx_hal_cortex.o
    0x08001dd6   0x08001dd6   0x00000002   PAD
    0x08001dd8   0x08001dd8   0x00000040   Code   RO         3131    i.HAL_NVIC_SetPriority  stm32f1xx_hal_cortex.o
    0x08001e18   0x08001e18   0x00000024   Code   RO         3132    i.HAL_NVIC_SetPriorityGrouping  stm32f1xx_hal_cortex.o
    0x08001e3c   0x08001e3c   0x00000154   Code   RO         2820    i.HAL_RCC_ClockConfig  stm32f1xx_hal_rcc.o
    0x08001f90   0x08001f90   0x0000000c   Code   RO         2825    i.HAL_RCC_GetHCLKFreq  stm32f1xx_hal_rcc.o
    0x08001f9c   0x08001f9c   0x00000020   Code   RO         2827    i.HAL_RCC_GetPCLK1Freq  stm32f1xx_hal_rcc.o
    0x08001fbc   0x08001fbc   0x00000020   Code   RO         2828    i.HAL_RCC_GetPCLK2Freq  stm32f1xx_hal_rcc.o
    0x08001fdc   0x08001fdc   0x00000074   Code   RO         2829    i.HAL_RCC_GetSysClockFreq  stm32f1xx_hal_rcc.o
    0x08002050   0x08002050   0x00000384   Code   RO         2832    i.HAL_RCC_OscConfig  stm32f1xx_hal_rcc.o
    0x080023d4   0x080023d4   0x00000028   Code   RO         3136    i.HAL_SYSTICK_Config  stm32f1xx_hal_cortex.o
    0x080023fc   0x080023fc   0x00000002   Code   RO         2378    i.HAL_TIMEx_BreakCallback  stm32f1xx_hal_tim_ex.o
    0x080023fe   0x080023fe   0x00000002   Code   RO         2379    i.HAL_TIMEx_CommutCallback  stm32f1xx_hal_tim_ex.o
    0x08002400   0x08002400   0x00000054   Code   RO         2381    i.HAL_TIMEx_ConfigBreakDeadTime  stm32f1xx_hal_tim_ex.o
    0x08002454   0x08002454   0x0000007c   Code   RO         2397    i.HAL_TIMEx_MasterConfigSynchronization  stm32f1xx_hal_tim_ex.o
    0x080024d0   0x080024d0   0x0000004a   Code   RO         1663    i.HAL_TIM_Base_Init  stm32f1xx_hal_tim.o
    0x0800251a   0x0800251a   0x00000002   PAD
    0x0800251c   0x0800251c   0x00000070   Code   RO          285    i.HAL_TIM_Base_MspInit  tim.o
    0x0800258c   0x0800258c   0x00000078   Code   RO         1668    i.HAL_TIM_Base_Start_IT  stm32f1xx_hal_tim.o
    0x08002604   0x08002604   0x000000e2   Code   RO         1672    i.HAL_TIM_ConfigClockSource  stm32f1xx_hal_tim.o
    0x080026e6   0x080026e6   0x000000b0   Code   RO         1684    i.HAL_TIM_Encoder_Init  stm32f1xx_hal_tim.o
    0x08002796   0x08002796   0x00000002   PAD
    0x08002798   0x08002798   0x0000013c   Code   RO          287    i.HAL_TIM_Encoder_MspInit  tim.o
    0x080028d4   0x080028d4   0x000000a8   Code   RO         1687    i.HAL_TIM_Encoder_Start  stm32f1xx_hal_tim.o
    0x0800297c   0x0800297c   0x00000002   Code   RO         1697    i.HAL_TIM_IC_CaptureCallback  stm32f1xx_hal_tim.o
    0x0800297e   0x0800297e   0x0000016e   Code   RO         1711    i.HAL_TIM_IRQHandler  stm32f1xx_hal_tim.o
    0x08002aec   0x08002aec   0x00000080   Code   RO          288    i.HAL_TIM_MspPostInit  tim.o
    0x08002b6c   0x08002b6c   0x00000002   Code   RO         1714    i.HAL_TIM_OC_DelayElapsedCallback  stm32f1xx_hal_tim.o
    0x08002b6e   0x08002b6e   0x000000d2   Code   RO         1735    i.HAL_TIM_PWM_ConfigChannel  stm32f1xx_hal_tim.o
    0x08002c40   0x08002c40   0x0000004a   Code   RO         1738    i.HAL_TIM_PWM_Init  stm32f1xx_hal_tim.o
    0x08002c8a   0x08002c8a   0x00000002   Code   RO         1740    i.HAL_TIM_PWM_MspInit  stm32f1xx_hal_tim.o
    0x08002c8c   0x08002c8c   0x00000002   Code   RO         1741    i.HAL_TIM_PWM_PulseFinishedCallback  stm32f1xx_hal_tim.o
    0x08002c8e   0x08002c8e   0x00000002   PAD
    0x08002c90   0x08002c90   0x000000c8   Code   RO         1743    i.HAL_TIM_PWM_Start  stm32f1xx_hal_tim.o
    0x08002d58   0x08002d58   0x00000280   Code   RO         1584    i.HAL_TIM_PeriodElapsedCallback  tim_it.o
    0x08002fd8   0x08002fd8   0x00000002   Code   RO         1754    i.HAL_TIM_TriggerCallback  stm32f1xx_hal_tim.o
    0x08002fda   0x08002fda   0x00000002   Code   RO         3657    i.HAL_UARTEx_RxEventCallback  stm32f1xx_hal_uart.o
    0x08002fdc   0x08002fdc   0x00000058   Code   RO         3669    i.HAL_UART_DMAStop  stm32f1xx_hal_uart.o
    0x08003034   0x08003034   0x00000002   Code   RO         3671    i.HAL_UART_ErrorCallback  stm32f1xx_hal_uart.o
    0x08003036   0x08003036   0x00000002   PAD
    0x08003038   0x08003038   0x000001cc   Code   RO         3674    i.HAL_UART_IRQHandler  stm32f1xx_hal_uart.o
    0x08003204   0x08003204   0x00000064   Code   RO         3675    i.HAL_UART_Init     stm32f1xx_hal_uart.o
    0x08003268   0x08003268   0x00000230   Code   RO          381    i.HAL_UART_MspInit  usart.o
    0x08003498   0x08003498   0x0000002e   Code   RO         3679    i.HAL_UART_Receive_DMA  stm32f1xx_hal_uart.o
    0x080034c6   0x080034c6   0x00000002   Code   RO         3681    i.HAL_UART_RxCpltCallback  stm32f1xx_hal_uart.o
    0x080034c8   0x080034c8   0x00000002   Code   RO         3682    i.HAL_UART_RxHalfCpltCallback  stm32f1xx_hal_uart.o
    0x080034ca   0x080034ca   0x000000be   Code   RO         3683    i.HAL_UART_Transmit  stm32f1xx_hal_uart.o
    0x08003588   0x08003588   0x00000002   Code   RO         3686    i.HAL_UART_TxCpltCallback  stm32f1xx_hal_uart.o
    0x0800358a   0x0800358a   0x00000002   Code   RO          467    i.HardFault_Handler  stm32f1xx_it.o
    0x0800358c   0x0800358c   0x00000010   Code   RO          638    i.LED_on            bsp_led.o
    0x0800359c   0x0800359c   0x00000010   Code   RO          639    i.LED_twinkle       bsp_led.o
    0x080035ac   0x080035ac   0x00000014   Code   RO          909    i.LFB_receive_init  bsp_linefollower.o
    0x080035c0   0x080035c0   0x00000020   Code   RO          910    i.LFB_send          bsp_linefollower.o
    0x080035e0   0x080035e0   0x0000003c   Code   RO          260    i.MX_DMA_Init       dma.o
    0x0800361c   0x0800361c   0x00000114   Code   RO          236    i.MX_GPIO_Init      gpio.o
    0x08003730   0x08003730   0x000000f8   Code   RO          289    i.MX_TIM1_Init      tim.o
    0x08003828   0x08003828   0x0000006c   Code   RO          290    i.MX_TIM2_Init      tim.o
    0x08003894   0x08003894   0x0000006c   Code   RO          291    i.MX_TIM3_Init      tim.o
    0x08003900   0x08003900   0x0000006c   Code   RO          292    i.MX_TIM4_Init      tim.o
    0x0800396c   0x0800396c   0x0000006c   Code   RO          293    i.MX_TIM5_Init      tim.o
    0x080039d8   0x080039d8   0x00000048   Code   RO          294    i.MX_TIM6_Init      tim.o
    0x08003a20   0x08003a20   0x000000f8   Code   RO          295    i.MX_TIM8_Init      tim.o
    0x08003b18   0x08003b18   0x00000038   Code   RO          382    i.MX_UART4_Init     usart.o
    0x08003b50   0x08003b50   0x00000038   Code   RO          383    i.MX_UART5_Init     usart.o
    0x08003b88   0x08003b88   0x00000038   Code   RO          384    i.MX_USART2_UART_Init  usart.o
    0x08003bc0   0x08003bc0   0x00000038   Code   RO          385    i.MX_USART3_UART_Init  usart.o
    0x08003bf8   0x08003bf8   0x00000002   Code   RO          468    i.MemManage_Handler  stm32f1xx_it.o
    0x08003bfa   0x08003bfa   0x00000002   Code   RO          469    i.NMI_Handler       stm32f1xx_it.o
    0x08003bfc   0x08003bfc   0x00000228   Code   RO         1231    i.QQB_1             barrier.o
    0x08003e24   0x08003e24   0x00000014   Code   RO          963    i.QR_receive_init   bsp_qrscan.o
    0x08003e38   0x08003e38   0x00000024   Code   RO         2833    i.RCC_Delay         stm32f1xx_hal_rcc.o
    0x08003e5c   0x08003e5c   0x000000e8   Code   RO         1232    i.S_curve           barrier.o
    0x08003f44   0x08003f44   0x0000001a   Code   RO          640    i.Shine_o_f         bsp_led.o
    0x08003f5e   0x08003f5e   0x00000002   PAD
    0x08003f60   0x08003f60   0x00000010   Code   RO          641    i.Shine_off         bsp_led.o
    0x08003f70   0x08003f70   0x00000010   Code   RO          642    i.Shine_on          bsp_led.o
    0x08003f80   0x08003f80   0x00000190   Code   RO         1233    i.South_Pole        barrier.o
    0x08004110   0x08004110   0x000001f0   Code   RO         1234    i.Stage             barrier.o
    0x08004300   0x08004300   0x0000008c   Code   RO         1235    i.Stage_P2          barrier.o
    0x0800438c   0x0800438c   0x000000b0   Code   RO         1236    i.Sword_Mountain    barrier.o
    0x0800443c   0x0800443c   0x00000004   Code   RO          470    i.SysTick_Handler   stm32f1xx_it.o
    0x08004440   0x08004440   0x0000005e   Code   RO           14    i.SystemClock_Config  main.o
    0x0800449e   0x0800449e   0x00000002   PAD
    0x080044a0   0x080044a0   0x00000048   Code   RO          570    i.SystemInit        system_stm32f1xx.o
    0x080044e8   0x080044e8   0x0000000c   Code   RO          471    i.TIM6_IRQHandler   stm32f1xx_it.o
    0x080044f4   0x080044f4   0x00000090   Code   RO         1756    i.TIM_Base_SetConfig  stm32f1xx_hal_tim.o
    0x08004584   0x08004584   0x0000001a   Code   RO         1757    i.TIM_CCxChannelCmd  stm32f1xx_hal_tim.o
    0x0800459e   0x0800459e   0x00000014   Code   RO         1767    i.TIM_ETR_SetConfig  stm32f1xx_hal_tim.o
    0x080045b2   0x080045b2   0x00000010   Code   RO         1768    i.TIM_ITRx_SetConfig  stm32f1xx_hal_tim.o
    0x080045c2   0x080045c2   0x00000002   PAD
    0x080045c4   0x080045c4   0x00000068   Code   RO         1769    i.TIM_OC1_SetConfig  stm32f1xx_hal_tim.o
    0x0800462c   0x0800462c   0x00000074   Code   RO         1770    i.TIM_OC2_SetConfig  stm32f1xx_hal_tim.o
    0x080046a0   0x080046a0   0x00000070   Code   RO         1771    i.TIM_OC3_SetConfig  stm32f1xx_hal_tim.o
    0x08004710   0x08004710   0x00000054   Code   RO         1772    i.TIM_OC4_SetConfig  stm32f1xx_hal_tim.o
    0x08004764   0x08004764   0x00000022   Code   RO         1774    i.TIM_TI1_ConfigInputStage  stm32f1xx_hal_tim.o
    0x08004786   0x08004786   0x00000024   Code   RO         1776    i.TIM_TI2_ConfigInputStage  stm32f1xx_hal_tim.o
    0x080047aa   0x080047aa   0x00000002   PAD
    0x080047ac   0x080047ac   0x000000b0   Code   RO         1085    i.Turn_Angle        turn.o
    0x0800485c   0x0800485c   0x00000088   Code   RO         1086    i.Turn_Angle360     turn.o
    0x080048e4   0x080048e4   0x00000048   Code   RO         1087    i.Turn_Angle_Relative  turn.o
    0x0800492c   0x0800492c   0x000000d4   Code   RO          911    i.UART4_IRQHandler  bsp_linefollower.o
    0x08004a00   0x08004a00   0x0000007c   Code   RO          964    i.UART5_IRQHandler  bsp_qrscan.o
    0x08004a7c   0x08004a7c   0x00000010   Code   RO         3688    i.UART_DMAAbortOnError  stm32f1xx_hal_uart.o
    0x08004a8c   0x08004a8c   0x0000004a   Code   RO         3689    i.UART_DMAError     stm32f1xx_hal_uart.o
    0x08004ad6   0x08004ad6   0x0000005a   Code   RO         3690    i.UART_DMAReceiveCplt  stm32f1xx_hal_uart.o
    0x08004b30   0x08004b30   0x0000001a   Code   RO         3692    i.UART_DMARxHalfCplt  stm32f1xx_hal_uart.o
    0x08004b4a   0x08004b4a   0x00000030   Code   RO         3698    i.UART_EndRxTransfer  stm32f1xx_hal_uart.o
    0x08004b7a   0x08004b7a   0x0000001a   Code   RO         3699    i.UART_EndTransmit_IT  stm32f1xx_hal_uart.o
    0x08004b94   0x08004b94   0x00000012   Code   RO         3700    i.UART_EndTxTransfer  stm32f1xx_hal_uart.o
    0x08004ba6   0x08004ba6   0x000000bc   Code   RO         3701    i.UART_Receive_IT   stm32f1xx_hal_uart.o
    0x08004c62   0x08004c62   0x00000002   PAD
    0x08004c64   0x08004c64   0x000000b8   Code   RO         3702    i.UART_SetConfig    stm32f1xx_hal_uart.o
    0x08004d1c   0x08004d1c   0x00000074   Code   RO         3703    i.UART_Start_Receive_DMA  stm32f1xx_hal_uart.o
    0x08004d90   0x08004d90   0x0000005e   Code   RO         3705    i.UART_Transmit_IT  stm32f1xx_hal_uart.o
    0x08004dee   0x08004dee   0x00000064   Code   RO         3706    i.UART_WaitOnFlagUntilTimeout  stm32f1xx_hal_uart.o
    0x08004e52   0x08004e52   0x00000002   PAD
    0x08004e54   0x08004e54   0x000000c4   Code   RO         1009    i.USART2_IRQHandler  openmv.o
    0x08004f18   0x08004f18   0x00000120   Code   RO          835    i.USART3_IRQHandler  bsp_imu.o
    0x08005038   0x08005038   0x00000002   Code   RO          472    i.UsageFault_Handler  stm32f1xx_it.o
    0x0800503a   0x0800503a   0x00000020   Code   RO         3138    i.__NVIC_SetPriority  stm32f1xx_hal_cortex.o
    0x0800505a   0x0800505a   0x0000000e   Code   RO         4410    i.__scatterload_copy  mc_w.l(handlers.o)
    0x08005068   0x08005068   0x00000002   Code   RO         4411    i.__scatterload_null  mc_w.l(handlers.o)
    0x0800506a   0x0800506a   0x0000000e   Code   RO         4412    i.__scatterload_zeroinit  mc_w.l(handlers.o)
    0x08005078   0x08005078   0x000000ce   Code   RO         1442    i.actions           motion.o
    0x08005146   0x08005146   0x00000002   PAD
    0x08005148   0x08005148   0x00000038   Code   RO          697    i.angle_write       bsp_servo_iic.o
    0x08005180   0x08005180   0x00000090   Code   RO         1237    i.back              barrier.o
    0x08005210   0x08005210   0x00000010   Code   RO          607    i.buzzer_off        bsp_buzzer.o
    0x08005220   0x08005220   0x00000010   Code   RO          608    i.buzzer_on         bsp_buzzer.o
    0x08005230   0x08005230   0x00000078   Code   RO          965    i.check_BW          bsp_qrscan.o
    0x080052a8   0x080052a8   0x00000140   Code   RO         1164    i.deal_arrive       map.o
    0x080053e8   0x080053e8   0x00000028   Code   RO          797    i.delay_init        bsp_delay.o
    0x08005410   0x08005410   0x00000038   Code   RO          798    i.delay_ms          bsp_delay.o
    0x08005448   0x08005448   0x00000038   Code   RO          799    i.delay_us          bsp_delay.o
    0x08005480   0x08005480   0x00000294   Code   RO         1238    i.door              barrier.o
    0x08005714   0x08005714   0x000000dc   Code   RO         4011    i.floor             m_ws.l(floor.o)
    0x080057f0   0x080057f0   0x0000003c   Code   RO         1088    i.getAngleZ         turn.o
    0x0800582c   0x0800582c   0x00000038   Code   RO         1165    i.getNextConnectNode  map.o
    0x08005864   0x08005864   0x00000066   Code   RO         1047    i.gradual_cal       speed_ctrl.o
    0x080058ca   0x080058ca   0x00000002   PAD
    0x080058cc   0x080058cc   0x00000014   Code   RO         1239    i.ignore_node       barrier.o
    0x080058e0   0x080058e0   0x00000050   Code   RO          698    i.iic_ack           bsp_servo_iic.o
    0x08005930   0x08005930   0x00000050   Code   RO          699    i.iic_not_ack       bsp_servo_iic.o
    0x08005980   0x08005980   0x0000006c   Code   RO          700    i.iic_read_byte     bsp_servo_iic.o
    0x080059ec   0x080059ec   0x00000064   Code   RO          701    i.iic_send_byte     bsp_servo_iic.o
    0x08005a50   0x08005a50   0x00000050   Code   RO          702    i.iic_start         bsp_servo_iic.o
    0x08005aa0   0x08005aa0   0x00000050   Code   RO          703    i.iic_stop          bsp_servo_iic.o
    0x08005af0   0x08005af0   0x00000068   Code   RO          704    i.iic_wait_ack      bsp_servo_iic.o
    0x08005b58   0x08005b58   0x00000020   Code   RO          836    i.imu_receive_init  bsp_imu.o
    0x08005b78   0x08005b78   0x000000c6   Code   RO         1503    i.incremental_PID   pid.o
    0x08005c3e   0x08005c3e   0x00000002   PAD
    0x08005c40   0x08005c40   0x00000130   Code   RO           15    i.main              main.o
    0x08005d70   0x08005d70   0x00000064   Code   RO         1166    i.mapInit           map.o
    0x08005dd4   0x08005dd4   0x00000084   Code   RO         1167    i.map_function      map.o
    0x08005e58   0x08005e58   0x0000005c   Code   RO         1504    i.motor_pid_clear   pid.o
    0x08005eb4   0x08005eb4   0x00000080   Code   RO          873    i.motor_pwm_enable  bsp_motor.o
    0x08005f34   0x08005f34   0x000000a8   Code   RO          874    i.motor_set_pwm     bsp_motor.o
    0x08005fdc   0x08005fdc   0x00000010   Code   RO         1089    i.mpuZreset         turn.o
    0x08005fec   0x08005fec   0x00000034   Code   RO         1090    i.need2turn         turn.o
    0x08006020   0x08006020   0x00000020   Code   RO         1010    i.openmv_receive_init  openmv.o
    0x08006040   0x08006040   0x0000001e   Code   RO          705    i.pca_init          bsp_servo_iic.o
    0x0800605e   0x0800605e   0x0000003a   Code   RO          706    i.pca_read          bsp_servo_iic.o
    0x08006098   0x08006098   0x000000b0   Code   RO          707    i.pca_setfreq       bsp_servo_iic.o
    0x08006148   0x08006148   0x00000048   Code   RO          708    i.pca_setpwm        bsp_servo_iic.o
    0x08006190   0x08006190   0x00000030   Code   RO          709    i.pca_write         bsp_servo_iic.o
    0x080061c0   0x080061c0   0x000000a4   Code   RO         1505    i.pid_init          pid.o
    0x08006264   0x08006264   0x0000012c   Code   RO         1585    i.pid_mode_switch   tim_it.o
    0x08006390   0x08006390   0x000000b4   Code   RO         1506    i.positional_PID    pid.o
    0x08006444   0x08006444   0x00000148   Code   RO         1400    i.powCal            scaner.o
    0x0800658c   0x0800658c   0x0000004c   Code   RO          875    i.read_encoder      bsp_motor.o
    0x080065d8   0x080065d8   0x000001fc   Code   RO         1240    i.route_reset       barrier.o
    0x080067d4   0x080067d4   0x0000007c   Code   RO         1091    i.runWithAngle      turn.o
    0x08006850   0x08006850   0x00000084   Code   RO         1241    i.undermou          barrier.o
    0x080068d4   0x080068d4   0x000000c4   Code   RO         1242    i.view              barrier.o
    0x08006998   0x08006998   0x00000034   Code   RO         1243    i.view1             barrier.o
    0x080069cc   0x080069cc   0x00000010   Data   RO          571    .constdata          system_stm32f1xx.o
    0x080069dc   0x080069dc   0x00000008   Data   RO          572    .constdata          system_stm32f1xx.o
    0x080069e4   0x080069e4   0x00000040   Data   RO         1402    .constdata          scaner.o
    0x08006a24   0x08006a24   0x0000001c   Data   RO         1586    .constdata          tim_it.o
    0x08006a40   0x08006a40   0x00000020   Data   RO         4408    Region$$Table       anon$$obj.o


    Execution Region RW_IRAM1 (Exec base: 0x20000000, Load base: 0x08006a60, Size: 0x00001a20, Max: 0x0000c000, ABSOLUTE, COMPRESSED[0x0000049c])

    Exec Addr    Load Addr    Size         Type   Attr      Idx    E Section Name        Object

    0x20000000   COMPRESSED   0x00000004   Data   RW          573    .data               system_stm32f1xx.o
    0x20000004   COMPRESSED   0x00000008   Data   RW          800    .data               bsp_delay.o
    0x2000000c   COMPRESSED   0x00000001   Data   RW          838    .data               bsp_imu.o
    0x2000000d   COMPRESSED   0x00000006   Data   RW          914    .data               bsp_linefollower.o
    0x20000013   COMPRESSED   0x00000001   PAD
    0x20000014   COMPRESSED   0x0000000c   Data   RW          967    .data               bsp_qrscan.o
    0x20000020   COMPRESSED   0x0000000c   Data   RW         1011    .data               openmv.o
    0x2000002c   COMPRESSED   0x0000002c   Data   RW         1050    .data               speed_ctrl.o
    0x20000058   COMPRESSED   0x00000008   Data   RW         1092    .data               turn.o
    0x20000060   COMPRESSED   0x0000006c   Data   RW         1169    .data               map.o
    0x200000cc   COMPRESSED   0x00000064   Data   RW         1170    .data               map.o
    0x20000130   COMPRESSED   0x00000064   Data   RW         1171    .data               map.o
    0x20000194   COMPRESSED   0x00000064   Data   RW         1172    .data               map.o
    0x200001f8   COMPRESSED   0x00000064   Data   RW         1173    .data               map.o
    0x2000025c   COMPRESSED   0x00000001   Data   RW         1244    .data               barrier.o
    0x2000025d   COMPRESSED   0x00000003   PAD
    0x20000260   COMPRESSED   0x00000938   Data   RW         1369    .data               map_message.o
    0x20000b98   COMPRESSED   0x00000032   Data   RW         1370    .data               map_message.o
    0x20000bca   COMPRESSED   0x00000032   Data   RW         1371    .data               map_message.o
    0x20000bfc   COMPRESSED   0x00000008   Data   RW         1403    .data               scaner.o
    0x20000c04   COMPRESSED   0x0000000c   Data   RW         1587    .data               tim_it.o
    0x20000c10   COMPRESSED   0x0000000c   Data   RW         2670    .data               stm32f1xx_hal.o
    0x20000c1c        -       0x000001f8   Zero   RW          296    .bss                tim.o
    0x20000e14        -       0x00000198   Zero   RW          389    .bss                usart.o
    0x20000fac        -       0x000000dc   Zero   RW          837    .bss                bsp_imu.o
    0x20001088        -       0x00000014   Zero   RW          913    .bss                bsp_linefollower.o
    0x2000109c        -       0x0000000c   Zero   RW          966    .bss                bsp_qrscan.o
    0x200010a8        -       0x0000000c   Zero   RW         1048    .bss                speed_ctrl.o
    0x200010b4        -       0x0000000c   Zero   RW         1049    .bss                speed_ctrl.o
    0x200010c0        -       0x0000002c   Zero   RW         1168    .bss                map.o
    0x200010ec        -       0x0000000c   Zero   RW         1401    .bss                scaner.o
    0x200010f8        -       0x000000d0   Zero   RW         1508    .bss                pid.o
    0x200011c8        -       0x0000001c   Zero   RW         1509    .bss                pid.o
    0x200011e4        -       0x0000001c   Zero   RW         1510    .bss                pid.o
    0x20001200        -       0x0000001c   Zero   RW         1511    .bss                pid.o
    0x2000121c   COMPRESSED   0x00000004   PAD
    0x20001220        -       0x00000800   Zero   RW            1    STACK               startup_stm32f103xe.o


==============================================================================

Image component sizes


      Code (inc. data)   RO Data    RW Data    ZI Data      Debug   Object Name

      4960        764          0          1          0      15960   barrier.o
        32         12          0          0          0       1157   bsp_buzzer.o
       152         26          0          8          0       2459   bsp_delay.o
       320         36          0          1        220       3279   bsp_imu.o
        90         24          0          0          0       2918   bsp_led.o
       264         36          0          6         20       4879   bsp_linefollower.o
       372         46          0          0          0       2510   bsp_motor.o
       264         30          0         12         12       3454   bsp_qrscan.o
      1072         64          0          0          0       9657   bsp_servo_iic.o
        60          4          0          0          0       1058   dma.o
       276         18          0          0          0       1307   gpio.o
       420         34          0          0          0     493038   main.o
      1940        200          0        508         44       7870   map.o
         0          0          0       2460          0       2684   map_message.o
       206          8          0          0          0        950   motion.o
       228         24          0         12          0       2666   openmv.o
       634         70          0          0        292       5158   pid.o
       440         38         64          8         12       3743   scaner.o
       126          6          0         44         24       3275   speed_ctrl.o
        36          8        304          0       2048        924   startup_stm32f103xe.o
       168         28          0         12          0       7785   stm32f1xx_hal.o
       198         14          0          0          0      29999   stm32f1xx_hal_cortex.o
      1366         52          0          0          0       6534   stm32f1xx_hal_dma.o
       576         40          0          0          0       4896   stm32f1xx_hal_gpio.o
        72         10          0          0          0       1182   stm32f1xx_hal_msp.o
      1468        106          0          0          0       7940   stm32f1xx_hal_rcc.o
      2316        100          0          0          0      22231   stm32f1xx_hal_tim.o
       212         22          0          0          0       4053   stm32f1xx_hal_tim_ex.o
      1874         24          0          0          0      19549   stm32f1xx_hal_uart.o
        42         12          0          0          0       5859   stm32f1xx_it.o
        72         16         24          4          0       1639   system_stm32f1xx.o
      1556        124          0          0        504       9280   tim.o
       940        112         28         12          0       3311   tim_it.o
       672        122          0          8          0       7741   turn.o
       784         76          0          0        408       6307   usart.o

    ----------------------------------------------------------------------
     24242       2306        452       3100       3588     707252   Object Totals
         0          0         32          0          0          0   (incl. Generated)
        34          0          0          4          4          0   (incl. Padding)

    ----------------------------------------------------------------------

      Code (inc. data)   RO Data    RW Data    ZI Data      Debug   Library Member Name

       220         16          0          0          0         84   floor.o
        86          0          0          0          0          0   __dczerorl2.o
         0          0          0          0          0          0   entry.o
         0          0          0          0          0          0   entry10a.o
         0          0          0          0          0          0   entry11a.o
         4          0          0          0          0          0   entry12b.o
         8          4          0          0          0          0   entry2.o
         4          0          0          0          0          0   entry5.o
         0          0          0          0          0          0   entry7b.o
         0          0          0          0          0          0   entry8b.o
         8          4          0          0          0          0   entry9a.o
        30          0          0          0          0          0   handlers.o
        36          8          0          0          0         68   init.o
         0          0          0          0          0          0   iusefp.o
        30          0          0          0          0         68   llshl.o
        36          0          0          0          0         68   llsshr.o
        32          0          0          0          0         68   llushr.o
        36          0          0          0          0         68   memcpya.o
        36          0          0          0          0        108   memseta.o
        48          0          0          0          0         68   cdcmple.o
        48          0          0          0          0         68   cdrcmple.o
        20          0          0          0          0         68   cfcmple.o
        20          0          0          0          0         68   cfrcmple.o
        56          0          0          0          0         88   d2f.o
       334          0          0          0          0        148   dadd.o
       222          0          0          0          0        100   ddiv.o
       186          0          0          0          0        176   depilogue.o
        50          0          0          0          0         76   dfixui.o
        34          0          0          0          0         76   dflti.o
        26          0          0          0          0         76   dfltui.o
       228          0          0          0          0         96   dmul.o
        46          0          0          0          0         80   dscalb.o
        38          0          0          0          0         68   f2d.o
       176          0          0          0          0        140   fadd.o
       124          0          0          0          0         88   fdiv.o
       110          0          0          0          0        168   fepilogue.o
        50          0          0          0          0         68   ffixi.o
        18          0          0          0          0         68   fflti.o
        10          0          0          0          0         68   ffltui.o
       100          0          0          0          0         76   fmul.o
        24          0          0          0          0         68   fscalb.o

    ----------------------------------------------------------------------
      2538         32          0          0          0       2532   Library Totals
         4          0          0          0          0          0   (incl. Padding)

    ----------------------------------------------------------------------

      Code (inc. data)   RO Data    RW Data    ZI Data      Debug   Library Name

       220         16          0          0          0         84   m_ws.l
       346         16          0          0          0        448   mc_w.l
      1968          0          0          0          0       2000   mf_w.l

    ----------------------------------------------------------------------
      2538         32          0          0          0       2532   Library Totals

    ----------------------------------------------------------------------

==============================================================================


      Code (inc. data)   RO Data    RW Data    ZI Data      Debug   

     26780       2338        452       3100       3588     699096   Grand Totals
     26780       2338        452       1180       3588     699096   ELF Image Totals (compressed)
     26780       2338        452       1180          0          0   ROM Totals

==============================================================================

    Total RO  Size (Code + RO Data)                27232 (  26.59kB)
    Total RW  Size (RW Data + ZI Data)              6688 (   6.53kB)
    Total ROM Size (Code + RO Data + RW Data)      28412 (  27.75kB)

==============================================================================

