<html>
<body>
<pre>
<h1>礦ision Build Log</h1>
<h2>Tool Versions:</h2>
IDE-Version: μVision V5.34.0.0
Copyright (C) 2021 ARM Ltd and ARM Germany GmbH. All rights reserved.
License Information: a 8613672628419, a, LIC=PE7DL-0NZDK-KP9ZY-I87K9-EFB8Q-77I0V
 
Tool Versions:
Toolchain:       MDK-ARM Plus  Version: 5.34.0.0
Toolchain Path:  D:\keil534\ARM\ARMCC\Bin
C Compiler:      Armcc.exe V5.06 update 7 (build 960)
Assembler:       Armasm.exe V5.06 update 7 (build 960)
Linker/Locator:  ArmLink.exe V5.06 update 7 (build 960)
Library Manager: ArmAr.exe V5.06 update 7 (build 960)
Hex Converter:   FromElf.exe V5.06 update 7 (build 960)
CPU DLL:         SARMCM3.DLL V5.34.0.0
Dialog DLL:      DCM.DLL V1.17.3.0
Target DLL:      CMSIS_AGDI.dll V1.32.13.0
Dialog DLL:      TCM.DLL V1.48.0.0
 
<h2>Project:</h2>
E:\4机器人团队\2021中国机器人寻宝\寻宝总决赛-2021.10.31 新图(1)(1)\寻宝总决赛-2021.10.31 新图(1)\寻宝总决赛-2021.10.31 新图(1)\寻宝总决赛-2021.10.31 新图\GdutRobo_Firmware\MDK-ARM\GdutRobo_Firmware.uvprojx
Project File Date:  04/13/2022

<h2>Output:</h2>
*** Using Compiler 'V5.06 update 7 (build 960)', folder: 'D:\keil534\ARM\ARMCC\Bin'
Rebuild target 'GdutRobo_Firmware'
assembling startup_stm32f103xe.s...
compiling bsp_led.c...
compiling tim.c...
compiling usart.c...
compiling stm32f1xx_it.c...
compiling bsp_servo_iic.c...
compiling system_stm32f1xx.c...
compiling gpio.c...
compiling bsp_delay.c...
compiling bsp_buzzer.c...
compiling main.c...
compiling stm32f1xx_hal_msp.c...
compiling dma.c...
compiling bsp_imu.c...
compiling motion.c...
compiling speed_ctrl.c...
compiling bsp_motor.c...
compiling map.c...
..\application\map.c(216): warning:  #177-D: variable "cnt"  was declared but never referenced
  	static u8 cnt = 0;
..\application\map.c: 1 warning, 0 errors
compiling openmv.c...
compiling barrier.c...
..\application\barrier.c(220): warning:  #177-D: variable "origin_param"  was declared but never referenced
  	struct PID_param origin_param = gyroG_pid_param;
..\application\barrier.c: 1 warning, 0 errors
compiling bsp_QRscan.c...
compiling turn.c...
compiling scaner.c...
compiling map_message.c...
compiling bsp_linefollower.c...
compiling pid.c...
compiling stm32f1xx_hal_gpio.c...
compiling stm32f1xx_hal_cortex.c...
compiling stm32f1xx_hal_gpio_ex.c...
compiling stm32f1xx_hal.c...
compiling sin_generate.c...
compiling stm32f1xx_hal_tim_ex.c...
compiling stm32f1xx_hal_rcc_ex.c...
compiling tim_it.c...
compiling stm32f1xx_hal_rcc.c...
compiling stm32f1xx_hal_dma.c...
compiling stm32f1xx_hal_tim.c...
compiling stm32f1xx_hal_exti.c...
compiling stm32f1xx_hal_flash.c...
compiling stm32f1xx_hal_flash_ex.c...
compiling stm32f1xx_hal_pwr.c...
compiling stm32f1xx_hal_uart.c...
linking...
Program Size: Code=26780 RO-data=452 RW-data=3100 ZI-data=3588  
FromELF: creating hex file...
"GdutRobo_Firmware\GdutRobo_Firmware.axf" - 0 Error(s), 2 Warning(s).

<h2>Software Packages used:</h2>

Package Vendor: ARM
                http://www.keil.com/pack/ARM.CMSIS.5.7.0.pack
                ARM.CMSIS.5.7.0
                CMSIS (Cortex Microcontroller Software Interface Standard)
   * Component: CORE Version: 5.4.0

Package Vendor: Keil
                http://www.keil.com/pack/Keil.STM32F1xx_DFP.2.3.0.pack
                Keil.STM32F1xx_DFP.2.3.0
                STMicroelectronics STM32F1 Series Device Support, Drivers and Examples

<h2>Collection of Component include folders:</h2>
  .\RTE\_GdutRobo_Firmware
  D:\keil534\ARM\PACK\ARM\CMSIS\5.7.0\CMSIS\Core\Include
  D:\keil534\ARM\PACK\Keil\Keil.STM32F1xx_DFP.2.3.0\Device\Include

<h2>Collection of Component Files used:</h2>

   * Component: ARM::CMSIS:CORE:5.4.0
Build Time Elapsed:  00:00:15
</pre>
</body>
</html>
